<html>
<body>
<pre>
<h1>礦ision Build Log</h1>
<h2>Tool Versions:</h2>
IDE-Version: μVision V5.36.0.0
Copyright (C) 2021 ARM Ltd and ARM Germany GmbH. All rights reserved.
License Information: text text, text, LIC=CZLZX-HSMCW-IIZ5V-PTAKW-5JIC0-BF6NM
 
Tool Versions:
Toolchain:       MDK-ARM Plus  Version: 5.36.0.0
Toolchain Path:  D:\MDK5.34\ARM\ARMCC\Bin
C Compiler:      Armcc.exe V5.06 update 7 (build 960)
Assembler:       Armasm.exe V5.06 update 7 (build 960)
Linker/Locator:  ArmLink.exe V5.06 update 7 (build 960)
Library Manager: ArmAr.exe V5.06 update 7 (build 960)
Hex Converter:   FromElf.exe V5.06 update 7 (build 960)
CPU DLL:         SARMCM3.DLL V5.36.0.0
Dialog DLL:      DCM.DLL V1.17.3.0
Target DLL:      STLink\ST-LINKIII-KEIL_SWO.dll V3.0.9.0
Dialog DLL:      TCM.DLL V1.53.0.0
 
<h2>Project:</h2>
C:\Users\33638\Desktop\电控资料\k210+C10B+C50C\k210+C10B+C50C\WHEELTEC_C50X_2025.08.07_麦轮定制\USER\WHEELTEC.uvprojx
Project File Date:  10/27/2025

<h2>Output:</h2>
*** Using Compiler 'V5.06 update 7 (build 960)', folder: 'D:\MDK5.34\ARM\ARMCC\Bin'
Rebuild target 'Mec_Car'
Before Build - User command #1: .\hexbinHandle.bat
assembling startup_stm32f40_41xxx.s...
compiling heap_4.c...
compiling stm32f4xx_can.c...
compiling event_groups.c...
compiling stm32f4xx_adc.c...
compiling stm32f4xx_usart.c...
compiling stm32f4xx_dma.c...
compiling port.c...
compiling list.c...
compiling stm32f4xx_gpio.c...
compiling stm32f4xx_pwr.c...
compiling stm32f4xx_syscfg.c...
compiling croutine.c...
compiling misc.c...
compiling timers.c...
compiling stm32f4xx_rcc.c...
compiling stm32f4xx_tim.c...
compiling stm32f4xx_it.c...
compiling stm32f4xx_hal_hcd.c...
compiling stm32f4xx_ll_usb.c...
compiling queue.c...
compiling system.c...
compiling tasks.c...
compiling main.c...
compiling sys.c...
compiling delay.c...
compiling usart.c...
compiling adc.c...
compiling system_stm32f4xx.c...
compiling auto_recharge.c...
compiling buzzer.c...
compiling encoder.c...
compiling enable_key.c...
compiling can.c...
compiling key.c...
compiling I2C.c...
compiling LED.C...
compiling motor.c...
compiling ICM20948.c...
compiling oled.c...
compiling remote.c...
compiling stmflash.c...
compiling MPU6050.c...
compiling uartx.c...
compiling bsp_gamepad.c...
compiling ps2_classic.c...
compiling mec_robot_init.c...
compiling imu_task.c...
compiling led_task.c...
compiling show_task.c...
compiling ps2_task.c...
compiling data_task.c...
compiling uartx_callback.c...
compiling balance_task.c...
compiling can_callback.c...
compiling timx_callback.c...
compiling usbh_core.c...
compiling usbh_ctlreq.c...
compiling usbh_ioreq.c...
compiling usbh_pipes.c...
compiling usbh_hid_keybd.c...
compiling usbh_hid.c...
compiling usbh_hid_mouse.c...
compiling usbh_hid_parser.c...
compiling usbh_conf.c...
compiling usbh_os_middleware.c...
compiling usbh_hid_GamePad.c...
compiling usb_host.c...
compiling xbox360_gamepad.c...
compiling WiredPS2_gamepad.c...
linking...
Program Size: Code=61716 RO-data=8092 RW-data=604 ZI-data=40148  
FromELF: creating hex file...
After Build - User command #1: fromelf --bin --output=..\Mec_Car.bin ..\OBJ\Mec_Car.axf
After Build - User command #2: .\copyhex.bat
"..\OBJ\Mec_Car.axf" - 0 Error(s), 0 Warning(s).

<h2>Software Packages used:</h2>

Package Vendor: Keil
                http://www.keil.com/pack/Keil.STM32F4xx_DFP.2.15.0.pack
                Keil.STM32F4xx_DFP.2.15.0
                STMicroelectronics STM32F4 Series Device Support, Drivers and Examples

<h2>Collection of Component include folders:</h2>
  D:\MDK5.34\Packs\Keil\STM32F4xx_DFP\2.15.0\Drivers\CMSIS\Device\ST\STM32F4xx\Include

<h2>Collection of Component Files used:</h2>
Build Time Elapsed:  00:00:14
</pre>
</body>
</html>
