Component: ARM Compiler 5.06 update 7 (build 960) Tool: armlink [4d3601]

==============================================================================

Section Cross References

    startup_stm32f103xe.o(RESET) refers to startup_stm32f103xe.o(STACK) for __initial_sp
    startup_stm32f103xe.o(RESET) refers to startup_stm32f103xe.o(.text) for Reset_Handler
    startup_stm32f103xe.o(RESET) refers to stm32f1xx_it.o(i.NMI_Handler) for NMI_Handler
    startup_stm32f103xe.o(RESET) refers to stm32f1xx_it.o(i.HardFault_Handler) for HardFault_Handler
    startup_stm32f103xe.o(RESET) refers to stm32f1xx_it.o(i.MemManage_Handler) for MemManage_Handler
    startup_stm32f103xe.o(RESET) refers to stm32f1xx_it.o(i.BusFault_Handler) for BusFault_Handler
    startup_stm32f103xe.o(RESET) refers to stm32f1xx_it.o(i.UsageFault_Handler) for UsageFault_Handler
    startup_stm32f103xe.o(RESET) refers to stm32f1xx_it.o(i.SVC_Handler) for SVC_Handler
    startup_stm32f103xe.o(RESET) refers to stm32f1xx_it.o(i.DebugMon_Handler) for DebugMon_Handler
    startup_stm32f103xe.o(RESET) refers to stm32f1xx_it.o(i.PendSV_Handler) for PendSV_Handler
    startup_stm32f103xe.o(RESET) refers to stm32f1xx_it.o(i.SysTick_Handler) for SysTick_Handler
    startup_stm32f103xe.o(RESET) refers to stm32f1xx_it.o(i.DMA1_Channel3_IRQHandler) for DMA1_Channel3_IRQHandler
    startup_stm32f103xe.o(RESET) refers to stm32f1xx_it.o(i.EXTI9_5_IRQHandler) for EXTI9_5_IRQHandler
    startup_stm32f103xe.o(RESET) refers to stm32f1xx_it.o(i.TIM2_IRQHandler) for TIM2_IRQHandler
    startup_stm32f103xe.o(RESET) refers to stm32f1xx_it.o(i.USART3_IRQHandler) for USART3_IRQHandler
    startup_stm32f103xe.o(RESET) refers to stm32f1xx_it.o(i.UART5_IRQHandler) for UART5_IRQHandler
    startup_stm32f103xe.o(RESET) refers to stm32f1xx_it.o(i.TIM7_IRQHandler) for TIM7_IRQHandler
    startup_stm32f103xe.o(.text) refers to system_stm32f1xx.o(i.SystemInit) for SystemInit
    startup_stm32f103xe.o(.text) refers to entry.o(.ARM.Collect$$$$00000000) for __main
    main.o(i.HAL_GPIO_EXTI_Callback) refers to fflti.o(.text) for __aeabi_i2f
    main.o(i.HAL_GPIO_EXTI_Callback) refers to fdiv.o(.text) for __aeabi_fdiv
    main.o(i.HAL_GPIO_EXTI_Callback) refers to fadd.o(.text) for __aeabi_fadd
    main.o(i.HAL_GPIO_EXTI_Callback) refers to mpu6050.o(i.Read_DMP) for Read_DMP
    main.o(i.HAL_GPIO_EXTI_Callback) refers to stm32f1xx_hal_gpio.o(i.HAL_GPIO_WritePin) for HAL_GPIO_WritePin
    main.o(i.HAL_GPIO_EXTI_Callback) refers to bsp_dwt.o(i.delay_us) for delay_us
    main.o(i.HAL_GPIO_EXTI_Callback) refers to fmul.o(.text) for __aeabi_fmul
    main.o(i.HAL_GPIO_EXTI_Callback) refers to ffixi.o(.text) for __aeabi_f2iz
    main.o(i.HAL_GPIO_EXTI_Callback) refers to k210.o(i.calculateBCC) for calculateBCC
    main.o(i.HAL_GPIO_EXTI_Callback) refers to stm32f1xx_hal_uart.o(i.HAL_UART_Transmit) for HAL_UART_Transmit
    main.o(i.HAL_GPIO_EXTI_Callback) refers to main.o(.data) for .data
    main.o(i.HAL_GPIO_EXTI_Callback) refers to bsp_siic.o(.data) for User_sIICDev
    main.o(i.HAL_GPIO_EXTI_Callback) refers to main.o(.bss) for .bss
    main.o(i.HAL_GPIO_EXTI_Callback) refers to k210.o(.bss) for k210
    main.o(i.HAL_GPIO_EXTI_Callback) refers to usart.o(.bss) for huart5
    main.o(i.HAL_TIM_IC_CaptureCallback) refers to stm32f1xx_hal_tim.o(i.HAL_TIM_ReadCapturedValue) for HAL_TIM_ReadCapturedValue
    main.o(i.HAL_TIM_IC_CaptureCallback) refers to ffltui.o(.text) for __aeabi_ui2f
    main.o(i.HAL_TIM_IC_CaptureCallback) refers to fdiv.o(.text) for __aeabi_fdiv
    main.o(i.HAL_TIM_IC_CaptureCallback) refers to fscalb.o(.text) for __ARM_scalbnf
    main.o(i.HAL_TIM_IC_CaptureCallback) refers to fmul.o(.text) for __aeabi_fmul
    main.o(i.HAL_TIM_IC_CaptureCallback) refers to tim.o(.bss) for htim2
    main.o(i.HAL_TIM_IC_CaptureCallback) refers to main.o(.data) for .data
    main.o(i.HAL_UARTEx_RxEventCallback) refers to k210.o(i.k210_data_callback) for k210_data_callback
    main.o(i.HAL_UARTEx_RxEventCallback) refers to stm32f1xx_hal_uart.o(i.HAL_UARTEx_ReceiveToIdle_DMA) for HAL_UARTEx_ReceiveToIdle_DMA
    main.o(i.HAL_UARTEx_RxEventCallback) refers to usart.o(.bss) for huart3
    main.o(i.HAL_UARTEx_RxEventCallback) refers to main.o(.data) for .data
    main.o(i.HAL_UARTEx_RxEventCallback) refers to main.o(.bss) for .bss
    main.o(i.SystemClock_Config) refers to memseta.o(.text) for __aeabi_memclr4
    main.o(i.SystemClock_Config) refers to stm32f1xx_hal_rcc.o(i.HAL_RCC_OscConfig) for HAL_RCC_OscConfig
    main.o(i.SystemClock_Config) refers to stm32f1xx_hal_rcc.o(i.HAL_RCC_ClockConfig) for HAL_RCC_ClockConfig
    main.o(i.fputc) refers to stm32f1xx_hal_uart.o(i.HAL_UART_Transmit) for HAL_UART_Transmit
    main.o(i.fputc) refers to main.o(.data) for .data
    main.o(i.main) refers to stm32f1xx_hal.o(i.HAL_Init) for HAL_Init
    main.o(i.main) refers to main.o(i.SystemClock_Config) for SystemClock_Config
    main.o(i.main) refers to gpio.o(i.MX_GPIO_Init) for MX_GPIO_Init
[...]
    i._printf_core                           0x08003bbc   Section        0  printf1.o(i._printf_core)
    _printf_core                             0x08003bbd   Thumb Code   336  printf1.o(i._printf_core)
    i.accel_self_test                        0x08003d10   Section        0  inv_mpu.o(i.accel_self_test)
    accel_self_test                          0x08003d11   Thumb Code   114  inv_mpu.o(i.accel_self_test)
    i.asin                                   0x08003d90   Section        0  asin.o(i.asin)
    i.atan                                   0x08004000   Section        0  atan.o(i.atan)
    i.atan2                                  0x08004220   Section        0  atan2.o(i.atan2)
    i.calculateBCC                           0x080043bc   Section        0  k210.o(i.calculateBCC)
    i.delay_ms                               0x080043d4   Section        0  bsp_dwt.o(i.delay_ms)
    i.delay_us                               0x08004418   Section        0  bsp_dwt.o(i.delay_us)
    i.dmp_enable_6x_lp_quat                  0x08004494   Section        0  inv_mpu_dmp_motion_driver.o(i.dmp_enable_6x_lp_quat)
    i.dmp_enable_feature                     0x080044d0   Section        0  inv_mpu_dmp_motion_driver.o(i.dmp_enable_feature)
    i.dmp_enable_gyro_cal                    0x080046a8   Section        0  inv_mpu_dmp_motion_driver.o(i.dmp_enable_gyro_cal)
    i.dmp_enable_lp_quat                     0x080046e4   Section        0  inv_mpu_dmp_motion_driver.o(i.dmp_enable_lp_quat)
    i.dmp_load_motion_driver_firmware        0x08004720   Section        0  inv_mpu_dmp_motion_driver.o(i.dmp_load_motion_driver_firmware)
    i.dmp_read_fifo                          0x08004734   Section        0  inv_mpu_dmp_motion_driver.o(i.dmp_read_fifo)
    i.dmp_set_accel_bias                     0x08004898   Section        0  inv_mpu_dmp_motion_driver.o(i.dmp_set_accel_bias)
    i.dmp_set_fifo_rate                      0x08004970   Section        0  inv_mpu_dmp_motion_driver.o(i.dmp_set_fifo_rate)
    i.dmp_set_gyro_bias                      0x080049d4   Section        0  inv_mpu_dmp_motion_driver.o(i.dmp_set_gyro_bias)
    i.dmp_set_orientation                    0x08004aa0   Section        0  inv_mpu_dmp_motion_driver.o(i.dmp_set_orientation)
    i.dmp_set_shake_reject_thresh            0x08004bac   Section        0  inv_mpu_dmp_motion_driver.o(i.dmp_set_shake_reject_thresh)
    i.dmp_set_shake_reject_time              0x08004bdc   Section        0  inv_mpu_dmp_motion_driver.o(i.dmp_set_shake_reject_time)
    i.dmp_set_shake_reject_timeout           0x08004bfc   Section        0  inv_mpu_dmp_motion_driver.o(i.dmp_set_shake_reject_timeout)
    i.dmp_set_tap_axes                       0x08004c1c   Section        0  inv_mpu_dmp_motion_driver.o(i.dmp_set_tap_axes)
    i.dmp_set_tap_count                      0x08004c5c   Section        0  inv_mpu_dmp_motion_driver.o(i.dmp_set_tap_count)
    i.dmp_set_tap_thresh                     0x08004c80   Section        0  inv_mpu_dmp_motion_driver.o(i.dmp_set_tap_thresh)
    i.dmp_set_tap_time                       0x08004da8   Section        0  inv_mpu_dmp_motion_driver.o(i.dmp_set_tap_time)
    i.dmp_set_tap_time_multi                 0x08004dc8   Section        0  inv_mpu_dmp_motion_driver.o(i.dmp_set_tap_time_multi)
    i.fputc                                  0x08004de8   Section        0  main.o(i.fputc)
    i.get_accel_prod_shift                   0x08004e04   Section        0  inv_mpu.o(i.get_accel_prod_shift)
    get_accel_prod_shift                     0x08004e05   Thumb Code   158  inv_mpu.o(i.get_accel_prod_shift)
    i.get_st_biases                          0x08004eb0   Section        0  inv_mpu.o(i.get_st_biases)
    get_st_biases                            0x08004eb1   Thumb Code   784  inv_mpu.o(i.get_st_biases)
    i.gyro_self_test                         0x080051c4   Section        0  inv_mpu.o(i.gyro_self_test)
    gyro_self_test                           0x080051c5   Thumb Code   190  inv_mpu.o(i.gyro_self_test)
    i.i2cRead                                0x08005298   Section        0  mpu6050.o(i.i2cRead)
    i.iic_delayms                            0x080052b4   Section        0  bsp_siic.o(i.iic_delayms)
    iic_delayms                              0x080052b5   Thumb Code     4  bsp_siic.o(i.iic_delayms)
    i.inv_row_2_scale                        0x080052b8   Section        0  mpu6050.o(i.inv_row_2_scale)
    inv_row_2_scale                          0x080052b9   Thumb Code    72  mpu6050.o(i.inv_row_2_scale)
    i.k210_data_callback                     0x08005300   Section        0  k210.o(i.k210_data_callback)
    i.main                                   0x0800536c   Section        0  main.o(i.main)
    i.mpu_configure_fifo                     0x080054e0   Section        0  inv_mpu.o(i.mpu_configure_fifo)
    i.mpu_get_accel_fsr                      0x08005534   Section        0  inv_mpu.o(i.mpu_get_accel_fsr)
    i.mpu_get_accel_sens                     0x08005570   Section        0  inv_mpu.o(i.mpu_get_accel_sens)
    i.mpu_get_gyro_fsr                       0x080055b4   Section        0  inv_mpu.o(i.mpu_get_gyro_fsr)
    i.mpu_get_gyro_sens                      0x080055e8   Section        0  inv_mpu.o(i.mpu_get_gyro_sens)
    i.mpu_get_lpf                            0x08005628   Section        0  inv_mpu.o(i.mpu_get_lpf)
    i.mpu_get_sample_rate                    0x08005660   Section        0  inv_mpu.o(i.mpu_get_sample_rate)
    i.mpu_init                               0x0800567c   Section        0  inv_mpu.o(i.mpu_init)
    i.mpu_load_firmware                      0x08005804   Section        0  inv_mpu.o(i.mpu_load_firmware)
    i.mpu_lp_accel_mode                      0x080058bc   Section        0  inv_mpu.o(i.mpu_lp_accel_mode)
    i.mpu_read_fifo_stream                   0x08005974   Section        0  inv_mpu.o(i.mpu_read_fifo_stream)
    i.mpu_read_mem                           0x08005a04   Section        0  inv_mpu.o(i.mpu_read_mem)
    i.mpu_reset_fifo                         0x08005a70   Section        0  inv_mpu.o(i.mpu_reset_fifo)
    i.mpu_run_self_test                      0x08005bc0   Section        0  inv_mpu.o(i.mpu_run_self_test)
    i.mpu_set_accel_fsr                      0x08005cb0   Section        0  inv_mpu.o(i.mpu_set_accel_fsr)
    i.mpu_set_bypass                         0x08005d18   Section        0  inv_mpu.o(i.mpu_set_bypass)
    i.mpu_set_dmp_state                      0x08005df4   Section        0  inv_mpu.o(i.mpu_set_dmp_state)
    i.mpu_set_gyro_fsr                       0x08005e6c   Section        0  inv_mpu.o(i.mpu_set_gyro_fsr)
    i.mpu_set_int_latched                    0x08005ed8   Section        0  inv_mpu.o(i.mpu_set_int_latched)
    i.mpu_set_lpf                            0x08005f3c   Section        0  inv_mpu.o(i.mpu_set_lpf)
    i.mpu_set_sample_rate                    0x08005fa8   Section        0  inv_mpu.o(i.mpu_set_sample_rate)
    i.mpu_set_sensors                        0x08006028   Section        0  inv_mpu.o(i.mpu_set_sensors)
    i.mpu_write_mem                          0x080060e0   Section        0  inv_mpu.o(i.mpu_write_mem)
    i.mydelay_ms                             0x08006134   Section        0  inv_mpu.o(i.mydelay_ms)
    i.myget_ms                               0x08006140   Section        0  inv_mpu.o(i.myget_ms)
    i.myi2cRead                              0x08006144   Section        0  inv_mpu.o(i.myi2cRead)
    i.myi2cWrite                             0x08006160   Section        0  inv_mpu.o(i.myi2cWrite)
    i.oled_pow                               0x0800617c   Section        0  bsp_oled.o(i.oled_pow)
    i.run_self_test                          0x0800618c   Section        0  mpu6050.o(i.run_self_test)
    run_self_test                            0x0800618d   Thumb Code   122  mpu6050.o(i.run_self_test)
    i.sIIC_ReadByte                          0x08006208   Section        0  bsp_siic.o(i.sIIC_ReadByte)
    sIIC_ReadByte                            0x08006209   Thumb Code   206  bsp_siic.o(i.sIIC_ReadByte)
    i.sIIC_SendByte                          0x080062dc   Section        0  bsp_siic.o(i.sIIC_SendByte)
    sIIC_SendByte                            0x080062dd   Thumb Code    98  bsp_siic.o(i.sIIC_SendByte)
    i.sIIC_Start                             0x08006344   Section        0  bsp_siic.o(i.sIIC_Start)
    sIIC_Start                               0x08006345   Thumb Code    86  bsp_siic.o(i.sIIC_Start)
    i.sIIC_Stop                              0x080063a0   Section        0  bsp_siic.o(i.sIIC_Stop)
    sIIC_Stop                                0x080063a1   Thumb Code    70  bsp_siic.o(i.sIIC_Stop)
    i.sIIC_WaitAck                           0x080063ec   Section        0  bsp_siic.o(i.sIIC_WaitAck)
    sIIC_WaitAck                             0x080063ed   Thumb Code    98  bsp_siic.o(i.sIIC_WaitAck)
    i.set_int_enable                         0x08006454   Section        0  inv_mpu.o(i.set_int_enable)
    i.siic_init                              0x080064ac   Section        0  bsp_siic.o(i.siic_init)
    siic_init                                0x080064ad   Thumb Code     2  bsp_siic.o(i.siic_init)
    i.sqrt                                   0x080064ae   Section        0  sqrt.o(i.sqrt)
    .constdata                               0x080064fa   Section       18  stm32f1xx_hal_rcc.o(.constdata)
    aPredivFactorTable                       0x080064fa   Data           2  stm32f1xx_hal_rcc.o(.constdata)
    aPLLMULFactorTable                       0x080064fc   Data          16  stm32f1xx_hal_rcc.o(.constdata)
    .constdata                               0x0800650c   Section       16  system_stm32f1xx.o(.constdata)
    .constdata                               0x0800651c   Section        8  system_stm32f1xx.o(.constdata)
    .constdata                               0x08006524   Section     2660  bsp_oled.o(.constdata)
    .constdata                               0x08006f88   Section       12  inv_mpu.o(.constdata)
    .constdata                               0x08006f94   Section       27  inv_mpu.o(.constdata)
    .constdata                               0x08006fb0   Section       40  inv_mpu.o(.constdata)
    .constdata                               0x08006fd8   Section     3062  inv_mpu_dmp_motion_driver.o(.constdata)
    dmp_memory                               0x08006fd8   Data        3062  inv_mpu_dmp_motion_driver.o(.constdata)
    .constdata                               0x08007bd0   Section       80  asin.o(.constdata)
    pS                                       0x08007bd0   Data          48  asin.o(.constdata)
    qS                                       0x08007c00   Data          32  asin.o(.constdata)
    .constdata                               0x08007c20   Section      152  atan.o(.constdata)
    atanhi                                   0x08007c20   Data          32  atan.o(.constdata)
    atanlo                                   0x08007c40   Data          32  atan.o(.constdata)
    aTodd                                    0x08007c60   Data          40  atan.o(.constdata)
    aTeven                                   0x08007c88   Data          48  atan.o(.constdata)
    .constdata                               0x08007cb8   Section        8  qnan.o(.constdata)
    .conststring                             0x08007cc0   Section       78  inv_mpu.o(.conststring)
    .data                                    0x20000000   Section       32  main.o(.data)
    ranger_cnt                               0x20000002   Data           1  main.o(.data)
    c50c_send_cnt                            0x20000003   Data           1  main.o(.data)
    sm                                       0x20000004   Data           1  main.o(.data)
    temperature_cnt                          0x2000001c   Data           4  main.o(.data)
    .data                                    0x20000020   Section       12  stm32f1xx_hal.o(.data)
    .data                                    0x2000002c   Section        4  system_stm32f1xx.o(.data)
    .data                                    0x20000030   Section        4  bsp_oled.o(.data)
    p                                        0x20000030   Data           4  bsp_oled.o(.data)
    .data                                    0x20000034   Section       24  bsp_siic.o(.data)
    .data                                    0x2000004c   Section       57  mpu6050.o(.data)
    siic                                     0x20000060   Data           4  mpu6050.o(.data)
    gyro_orientation                         0x2000007c   Data           9  mpu6050.o(.data)
    .data                                    0x20000088   Section       48  inv_mpu.o(.data)
    siic                                     0x20000088   Data           4  inv_mpu.o(.data)
    st                                       0x2000008c   Data          44  inv_mpu.o(.data)
    .data                                    0x200000b8   Section        2  k210.o(.data)
    recvlen                                  0x200000b8   Data           1  k210.o(.data)
    recv_counts                              0x200000b9   Data           1  k210.o(.data)
    .data                                    0x200000bc   Section        4  stdout.o(.data)
    .data                                    0x200000c0   Section        4  errno.o(.data)
    _errno                                   0x200000c0   Data           4  errno.o(.data)
    .bss                                     0x200000c4   Section       42  main.o(.bss)
    .bss                                     0x200000f0   Section      144  tim.o(.bss)
    .bss                                     0x20000180   Section      284  usart.o(.bss)
    .bss                                     0x2000029c   Section     1036  bsp_oled.o(.bss)
    tmp                                      0x2000029c   Data          12  bsp_oled.o(.bss)
    .bss                                     0x200006a8   Section      146  mpu6050.o(.bss)
    .bss                                     0x2000073c   Section       16  inv_mpu_dmp_motion_driver.o(.bss)
    dmp                                      0x2000073c   Data          16  inv_mpu_dmp_motion_driver.o(.bss)
    .bss                                     0x2000074c   Section       26  k210.o(.bss)
    recv_data                                0x2000074c   Data          13  k210.o(.bss)
    STACK                                    0x20000768   Section     1024  startup_stm32f103xe.o(STACK)

    Global Symbols

    Symbol Name                              Value     Ov Type        Size  Object(Section)

    BuildAttributes$$THM_ISAv4$P$D$K$B$S$PE$A:L22UL41UL21$X:L11$S22US41US21$IEEE1$IW$USESV6$~STKCKD$USESV7$~SHL$OTIME$ROPI$IEEEX$EBA8$MICROLIB$REQ8$PRES8$EABIv2 0x00000000   Number         0  anon$$obj.o ABSOLUTE
    __ARM_use_no_argv                        0x00000000   Number         0  main.o ABSOLUTE
    _printf_a                                0x00000000   Number         0  stubs.o ABSOLUTE
    _printf_c                                0x00000000   Number         0  stubs.o ABSOLUTE
    _printf_charcount                        0x00000000   Number         0  stubs.o ABSOLUTE
    _printf_d                                0x00000000   Number         0  stubs.o ABSOLUTE
    _printf_e                                0x00000000   Number         0  stubs.o ABSOLUTE
    _printf_f                                0x00000000   Number         0  stubs.o ABSOLUTE
    _printf_flags                            0x00000000   Number         0  stubs.o ABSOLUTE
    _printf_fp_dec                           0x00000000   Number         0  stubs.o ABSOLUTE
    _printf_fp_hex                           0x00000000   Number         0  stubs.o ABSOLUTE
    _printf_g                                0x00000000   Number         0  stubs.o ABSOLUTE
    _printf_i                                0x00000000   Number         0  stubs.o ABSOLUTE
    _printf_int_dec                          0x00000000   Number         0  stubs.o ABSOLUTE
    _printf_l                                0x00000000   Number         0  stubs.o ABSOLUTE
    _printf_lc                               0x00000000   Number         0  stubs.o ABSOLUTE
    _printf_ll                               0x00000000   Number         0  stubs.o ABSOLUTE
    _printf_lld                              0x00000000   Number         0  stubs.o ABSOLUTE
    _printf_lli                              0x00000000   Number         0  stubs.o ABSOLUTE
    _printf_llo                              0x00000000   Number         0  stubs.o ABSOLUTE
    _printf_llu                              0x00000000   Number         0  stubs.o ABSOLUTE
    _printf_llx                              0x00000000   Number         0  stubs.o ABSOLUTE
    _printf_longlong_dec                     0x00000000   Number         0  stubs.o ABSOLUTE
    _printf_longlong_hex                     0x00000000   Number         0  stubs.o ABSOLUTE
    _printf_longlong_oct                     0x00000000   Number         0  stubs.o ABSOLUTE
    _printf_ls                               0x00000000   Number         0  stubs.o ABSOLUTE
    _printf_mbtowc                           0x00000000   Number         0  stubs.o ABSOLUTE
    _printf_n                                0x00000000   Number         0  stubs.o ABSOLUTE
    _printf_o                                0x00000000   Number         0  stubs.o ABSOLUTE
    _printf_p                                0x00000000   Number         0  stubs.o ABSOLUTE
    _printf_percent                          0x00000000   Number         0  stubs.o ABSOLUTE
    _printf_pre_padding                      0x00000000   Number         0  stubs.o ABSOLUTE
    _printf_return_value                     0x00000000   Number         0  stubs.o ABSOLUTE
    _printf_s                                0x00000000   Number         0  stubs.o ABSOLUTE
    _printf_sizespec                         0x00000000   Number         0  stubs.o ABSOLUTE
    _printf_str                              0x00000000   Number         0  stubs.o ABSOLUTE
    _printf_truncate_signed                  0x00000000   Number         0  stubs.o ABSOLUTE
    _printf_truncate_unsigned                0x00000000   Number         0  stubs.o ABSOLUTE
    _printf_u                                0x00000000   Number         0  stubs.o ABSOLUTE
    _printf_wc                               0x00000000   Number         0  stubs.o ABSOLUTE
    _printf_wctomb                           0x00000000   Number         0  stubs.o ABSOLUTE
    _printf_widthprec                        0x00000000   Number         0  stubs.o ABSOLUTE
    _printf_x                                0x00000000   Number         0  stubs.o ABSOLUTE
    __arm_fini_                               - Undefined Weak Reference
    __cpp_initialize__aeabi_                  - Undefined Weak Reference
    __cxa_finalize                            - Undefined Weak Reference
    __decompress                              - Undefined Weak Reference
    _clock_init                               - Undefined Weak Reference
    _microlib_exit                            - Undefined Weak Reference
    __Vectors_Size                           0x00000130   Number         0  startup_stm32f103xe.o ABSOLUTE
    __Vectors                                0x08000000   Data           4  startup_stm32f103xe.o(RESET)
    __Vectors_End                            0x08000130   Data           0  startup_stm32f103xe.o(RESET)
    __main                                   0x08000131   Thumb Code     0  entry.o(.ARM.Collect$$$$00000000)
    _main_stk                                0x08000131   Thumb Code     0  entry2.o(.ARM.Collect$$$$00000001)
    _main_scatterload                        0x08000135   Thumb Code     0  entry5.o(.ARM.Collect$$$$00000004)
    __main_after_scatterload                 0x08000139   Thumb Code     0  entry5.o(.ARM.Collect$$$$00000004)
    _main_clock                              0x08000139   Thumb Code     0  entry7b.o(.ARM.Collect$$$$00000008)
    _main_cpp_init                           0x08000139   Thumb Code     0  entry8b.o(.ARM.Collect$$$$0000000A)
    _main_init                               0x08000139   Thumb Code     0  entry9a.o(.ARM.Collect$$$$0000000B)
    __rt_lib_shutdown_fini                   0x08000141   Thumb Code     0  entry12b.o(.ARM.Collect$$$$0000000E)
    __rt_final_cpp                           0x08000145   Thumb Code     0  entry10a.o(.ARM.Collect$$$$0000000F)
    __rt_final_exit                          0x08000145   Thumb Code     0  entry11a.o(.ARM.Collect$$$$00000011)
    Reset_Handler                            0x08000149   Thumb Code     8  startup_stm32f103xe.o(.text)
    ADC1_2_IRQHandler                        0x08000163   Thumb Code     0  startup_stm32f103xe.o(.text)
    ADC3_IRQHandler                          0x08000163   Thumb Code     0  startup_stm32f103xe.o(.text)
    CAN1_RX1_IRQHandler                      0x08000163   Thumb Code     0  startup_stm32f103xe.o(.text)
    CAN1_SCE_IRQHandler                      0x08000163   Thumb Code     0  startup_stm32f103xe.o(.text)
    DMA1_Channel1_IRQHandler                 0x08000163   Thumb Code     0  startup_stm32f103xe.o(.text)
    DMA1_Channel2_IRQHandler                 0x08000163   Thumb Code     0  startup_stm32f103xe.o(.text)
    DMA1_Channel4_IRQHandler                 0x08000163   Thumb Code     0  startup_stm32f103xe.o(.text)
    DMA1_Channel5_IRQHandler                 0x08000163   Thumb Code     0  startup_stm32f103xe.o(.text)
    DMA1_Channel6_IRQHandler                 0x08000163   Thumb Code     0  startup_stm32f103xe.o(.text)
    DMA1_Channel7_IRQHandler                 0x08000163   Thumb Code     0  startup_stm32f103xe.o(.text)
    DMA2_Channel1_IRQHandler                 0x08000163   Thumb Code     0  startup_stm32f103xe.o(.text)
    DMA2_Channel2_IRQHandler                 0x08000163   Thumb Code     0  startup_stm32f103xe.o(.text)
    DMA2_Channel3_IRQHandler                 0x08000163   Thumb Code     0  startup_stm32f103xe.o(.text)
    DMA2_Channel4_5_IRQHandler               0x08000163   Thumb Code     0  startup_stm32f103xe.o(.text)
    EXTI0_IRQHandler                         0x08000163   Thumb Code     0  startup_stm32f103xe.o(.text)
    EXTI15_10_IRQHandler                     0x08000163   Thumb Code     0  startup_stm32f103xe.o(.text)
    EXTI1_IRQHandler                         0x08000163   Thumb Code     0  startup_stm32f103xe.o(.text)
    EXTI2_IRQHandler                         0x08000163   Thumb Code     0  startup_stm32f103xe.o(.text)
    EXTI3_IRQHandler                         0x08000163   Thumb Code     0  startup_stm32f103xe.o(.text)
    EXTI4_IRQHandler                         0x08000163   Thumb Code     0  startup_stm32f103xe.o(.text)
    FLASH_IRQHandler                         0x08000163   Thumb Code     0  startup_stm32f103xe.o(.text)
    FSMC_IRQHandler                          0x08000163   Thumb Code     0  startup_stm32f103xe.o(.text)
    I2C1_ER_IRQHandler                       0x08000163   Thumb Code     0  startup_stm32f103xe.o(.text)
    I2C1_EV_IRQHandler                       0x08000163   Thumb Code     0  startup_stm32f103xe.o(.text)
    I2C2_ER_IRQHandler                       0x08000163   Thumb Code     0  startup_stm32f103xe.o(.text)
    I2C2_EV_IRQHandler                       0x08000163   Thumb Code     0  startup_stm32f103xe.o(.text)
    PVD_IRQHandler                           0x08000163   Thumb Code     0  startup_stm32f103xe.o(.text)
    RCC_IRQHandler                           0x08000163   Thumb Code     0  startup_stm32f103xe.o(.text)
    RTC_Alarm_IRQHandler                     0x08000163   Thumb Code     0  startup_stm32f103xe.o(.text)
    RTC_IRQHandler                           0x08000163   Thumb Code     0  startup_stm32f103xe.o(.text)
    SDIO_IRQHandler                          0x08000163   Thumb Code     0  startup_stm32f103xe.o(.text)
    SPI1_IRQHandler                          0x08000163   Thumb Code     0  startup_stm32f103xe.o(.text)
    SPI2_IRQHandler                          0x08000163   Thumb Code     0  startup_stm32f103xe.o(.text)
    SPI3_IRQHandler                          0x08000163   Thumb Code     0  startup_stm32f103xe.o(.text)
    TAMPER_IRQHandler                        0x08000163   Thumb Code     0  startup_stm32f103xe.o(.text)
    TIM1_BRK_IRQHandler                      0x08000163   Thumb Code     0  startup_stm32f103xe.o(.text)
    TIM1_CC_IRQHandler                       0x08000163   Thumb Code     0  startup_stm32f103xe.o(.text)
    TIM1_TRG_COM_IRQHandler                  0x08000163   Thumb Code     0  startup_stm32f103xe.o(.text)
    TIM1_UP_IRQHandler                       0x08000163   Thumb Code     0  startup_stm32f103xe.o(.text)
    TIM3_IRQHandler                          0x08000163   Thumb Code     0  startup_stm32f103xe.o(.text)
    TIM4_IRQHandler                          0x08000163   Thumb Code     0  startup_stm32f103xe.o(.text)
    TIM5_IRQHandler                          0x08000163   Thumb Code     0  startup_stm32f103xe.o(.text)
    TIM6_IRQHandler                          0x08000163   Thumb Code     0  startup_stm32f103xe.o(.text)
    TIM8_BRK_IRQHandler                      0x08000163   Thumb Code     0  startup_stm32f103xe.o(.text)
    TIM8_CC_IRQHandler                       0x08000163   Thumb Code     0  startup_stm32f103xe.o(.text)
    TIM8_TRG_COM_IRQHandler                  0x08000163   Thumb Code     0  startup_stm32f103xe.o(.text)
    TIM8_UP_IRQHandler                       0x08000163   Thumb Code     0  startup_stm32f103xe.o(.text)
    UART4_IRQHandler                         0x08000163   Thumb Code     0  startup_stm32f103xe.o(.text)
    USART1_IRQHandler                        0x08000163   Thumb Code     0  startup_stm32f103xe.o(.text)
    USART2_IRQHandler                        0x08000163   Thumb Code     0  startup_stm32f103xe.o(.text)
    USBWakeUp_IRQHandler                     0x08000163   Thumb Code     0  startup_stm32f103xe.o(.text)
    USB_HP_CAN1_TX_IRQHandler                0x08000163   Thumb Code     0  startup_stm32f103xe.o(.text)
    USB_LP_CAN1_RX0_IRQHandler               0x08000163   Thumb Code     0  startup_stm32f103xe.o(.text)
    WWDG_IRQHandler                          0x08000163   Thumb Code     0  startup_stm32f103xe.o(.text)
    __aeabi_ldivmod                          0x0800016d   Thumb Code    98  ldiv.o(.text)
    __aeabi_llsr                             0x080001cf   Thumb Code    32  llushr.o(.text)
    _ll_ushift_r                             0x080001cf   Thumb Code     0  llushr.o(.text)
    __aeabi_memset                           0x080001ef   Thumb Code    14  memseta.o(.text)
    __aeabi_memset4                          0x080001ef   Thumb Code     0  memseta.o(.text)
    __aeabi_memset8                          0x080001ef   Thumb Code     0  memseta.o(.text)
    __aeabi_memclr                           0x080001fd   Thumb Code     4  memseta.o(.text)
    __aeabi_memclr4                          0x080001fd   Thumb Code     0  memseta.o(.text)
    __aeabi_memclr8                          0x080001fd   Thumb Code     0  memseta.o(.text)
    _memset$wrapper                          0x08000201   Thumb Code    18  memseta.o(.text)
    memcmp                                   0x08000213   Thumb Code    26  memcmp.o(.text)
    __aeabi_fadd                             0x0800022d   Thumb Code   164  fadd.o(.text)
    __aeabi_fsub                             0x080002d1   Thumb Code     6  fadd.o(.text)
    __aeabi_frsub                            0x080002d7   Thumb Code     6  fadd.o(.text)
    __aeabi_fmul                             0x080002dd   Thumb Code   100  fmul.o(.text)
    __aeabi_fdiv                             0x08000341   Thumb Code   124  fdiv.o(.text)
    __ARM_scalbnf                            0x080003bd   Thumb Code    24  fscalb.o(.text)
    scalbnf                                  0x080003bd   Thumb Code     0  fscalb.o(.text)
    __aeabi_dadd                             0x080003d5   Thumb Code   322  dadd.o(.text)
    __aeabi_dsub                             0x08000517   Thumb Code     6  dadd.o(.text)
    __aeabi_drsub                            0x0800051d   Thumb Code     6  dadd.o(.text)
    __aeabi_dmul                             0x08000523   Thumb Code   228  dmul.o(.text)
    __aeabi_i2f                              0x08000607   Thumb Code    18  fflti.o(.text)
    __aeabi_ui2f                             0x08000619   Thumb Code    10  ffltui.o(.text)
    __aeabi_f2iz                             0x08000623   Thumb Code    50  ffixi.o(.text)
    __aeabi_f2uiz                            0x08000655   Thumb Code    40  ffixui.o(.text)
    __aeabi_f2d                              0x0800067d   Thumb Code    38  f2d.o(.text)
    __aeabi_d2f                              0x080006a3   Thumb Code    56  d2f.o(.text)
    __aeabi_uidiv                            0x080006db   Thumb Code     0  uidiv.o(.text)
    __aeabi_uidivmod                         0x080006db   Thumb Code    44  uidiv.o(.text)
    __aeabi_uldivmod                         0x08000707   Thumb Code    98  uldiv.o(.text)
    __aeabi_llsl                             0x08000769   Thumb Code    30  llshl.o(.text)
    _ll_shift_l                              0x08000769   Thumb Code     0  llshl.o(.text)
    __aeabi_lasr                             0x08000787   Thumb Code    36  llsshr.o(.text)
    _ll_sshift_r                             0x08000787   Thumb Code     0  llsshr.o(.text)
    __I$use$fp                               0x080007ab   Thumb Code     0  iusefp.o(.text)
    _float_round                             0x080007ab   Thumb Code    18  fepilogue.o(.text)
    _float_epilogue                          0x080007bd   Thumb Code    92  fepilogue.o(.text)
    _double_round                            0x08000819   Thumb Code    30  depilogue.o(.text)
    _double_epilogue                         0x08000837   Thumb Code   156  depilogue.o(.text)
    __aeabi_ddiv                             0x080008d3   Thumb Code   222  ddiv.o(.text)
    __ARM_scalbn                             0x080009b1   Thumb Code    46  dscalb.o(.text)
    scalbn                                   0x080009b1   Thumb Code     0  dscalb.o(.text)
    __aeabi_cdcmpeq                          0x080009e1   Thumb Code     0  cdcmple.o(.text)
    __aeabi_cdcmple                          0x080009e1   Thumb Code    48  cdcmple.o(.text)
    __scatterload                            0x08000a11   Thumb Code    28  init.o(.text)
    __scatterload_rt2                        0x08000a11   Thumb Code     0  init.o(.text)
    _dsqrt                                   0x08000a35   Thumb Code   162  dsqrt.o(.text)
    BusFault_Handler                         0x08000ad7   Thumb Code     2  stm32f1xx_it.o(i.BusFault_Handler)
    DMA1_Channel3_IRQHandler                 0x08000ad9   Thumb Code     6  stm32f1xx_it.o(i.DMA1_Channel3_IRQHandler)
    DMP_Init                                 0x08000b11   Thumb Code   194  mpu6050.o(i.DMP_Init)
    DWT_Init                                 0x08000d25   Thumb Code    30  bsp_dwt.o(i.DWT_Init)
    DebugMon_Handler                         0x08000d4d   Thumb Code     2  stm32f1xx_it.o(i.DebugMon_Handler)
    EXTI9_5_IRQHandler                       0x08000d4f   Thumb Code     8  stm32f1xx_it.o(i.EXTI9_5_IRQHandler)
    Error_Handler                            0x08000d57   Thumb Code     4  main.o(i.Error_Handler)
    HAL_DMA_Abort                            0x08000d5b   Thumb Code    70  stm32f1xx_hal_dma.o(i.HAL_DMA_Abort)
    HAL_DMA_Abort_IT                         0x08000da1   Thumb Code   296  stm32f1xx_hal_dma.o(i.HAL_DMA_Abort_IT)
    HAL_DMA_IRQHandler                       0x08000ed1   Thumb Code   552  stm32f1xx_hal_dma.o(i.HAL_DMA_IRQHandler)
    HAL_DMA_Init                             0x08001119   Thumb Code   112  stm32f1xx_hal_dma.o(i.HAL_DMA_Init)
    HAL_DMA_Start_IT                         0x08001195   Thumb Code   112  stm32f1xx_hal_dma.o(i.HAL_DMA_Start_IT)
    HAL_Delay                                0x08001205   Thumb Code    32  stm32f1xx_hal.o(i.HAL_Delay)
    HAL_GPIO_EXTI_Callback                   0x08001229   Thumb Code   226  main.o(i.HAL_GPIO_EXTI_Callback)
    HAL_GPIO_EXTI_IRQHandler                 0x08001331   Thumb Code    18  stm32f1xx_hal_gpio.o(i.HAL_GPIO_EXTI_IRQHandler)
    HAL_GPIO_Init                            0x08001349   Thumb Code   462  stm32f1xx_hal_gpio.o(i.HAL_GPIO_Init)
    HAL_GPIO_ReadPin                         0x08001541   Thumb Code    10  stm32f1xx_hal_gpio.o(i.HAL_GPIO_ReadPin)
    HAL_GPIO_WritePin                        0x0800154b   Thumb Code    10  stm32f1xx_hal_gpio.o(i.HAL_GPIO_WritePin)
    HAL_GetTick                              0x08001555   Thumb Code     6  stm32f1xx_hal.o(i.HAL_GetTick)
    HAL_IncTick                              0x08001561   Thumb Code    12  stm32f1xx_hal.o(i.HAL_IncTick)
    HAL_Init                                 0x08001571   Thumb Code    32  stm32f1xx_hal.o(i.HAL_Init)
    HAL_InitTick                             0x08001595   Thumb Code    54  stm32f1xx_hal.o(i.HAL_InitTick)
    HAL_MspInit                              0x080015d5   Thumb Code    52  stm32f1xx_hal_msp.o(i.HAL_MspInit)
    HAL_NVIC_EnableIRQ                       0x08001611   Thumb Code    26  stm32f1xx_hal_cortex.o(i.HAL_NVIC_EnableIRQ)
    HAL_NVIC_SetPriority                     0x0800162d   Thumb Code    60  stm32f1xx_hal_cortex.o(i.HAL_NVIC_SetPriority)
    HAL_NVIC_SetPriorityGrouping             0x0800166d   Thumb Code    26  stm32f1xx_hal_cortex.o(i.HAL_NVIC_SetPriorityGrouping)
    HAL_RCC_ClockConfig                      0x08001691   Thumb Code   280  stm32f1xx_hal_rcc.o(i.HAL_RCC_ClockConfig)
    HAL_RCC_GetPCLK1Freq                     0x080017bd   Thumb Code    20  stm32f1xx_hal_rcc.o(i.HAL_RCC_GetPCLK1Freq)
    HAL_RCC_GetPCLK2Freq                     0x080017dd   Thumb Code    20  stm32f1xx_hal_rcc.o(i.HAL_RCC_GetPCLK2Freq)
    HAL_RCC_GetSysClockFreq                  0x080017fd   Thumb Code    58  stm32f1xx_hal_rcc.o(i.HAL_RCC_GetSysClockFreq)
    HAL_RCC_OscConfig                        0x08001849   Thumb Code   778  stm32f1xx_hal_rcc.o(i.HAL_RCC_OscConfig)
    HAL_SYSTICK_Config                       0x08001b69   Thumb Code    40  stm32f1xx_hal_cortex.o(i.HAL_SYSTICK_Config)
    HAL_TIMEx_BreakCallback                  0x08001b91   Thumb Code     2  stm32f1xx_hal_tim_ex.o(i.HAL_TIMEx_BreakCallback)
    HAL_TIMEx_CommutCallback                 0x08001b93   Thumb Code     2  stm32f1xx_hal_tim_ex.o(i.HAL_TIMEx_CommutCallback)
    HAL_TIMEx_MasterConfigSynchronization    0x08001b95   Thumb Code   104  stm32f1xx_hal_tim_ex.o(i.HAL_TIMEx_MasterConfigSynchronization)
    HAL_TIM_Base_Init                        0x08001c11   Thumb Code    90  stm32f1xx_hal_tim.o(i.HAL_TIM_Base_Init)
    HAL_TIM_Base_MspInit                     0x08001c6d   Thumb Code   126  tim.o(i.HAL_TIM_Base_MspInit)
    HAL_TIM_ConfigClockSource                0x08001cf9   Thumb Code   220  stm32f1xx_hal_tim.o(i.HAL_TIM_ConfigClockSource)
    HAL_TIM_IC_CaptureCallback               0x08001dd5   Thumb Code   134  main.o(i.HAL_TIM_IC_CaptureCallback)
    HAL_TIM_IC_ConfigChannel                 0x08001e6d   Thumb Code   292  stm32f1xx_hal_tim.o(i.HAL_TIM_IC_ConfigChannel)
    HAL_TIM_IC_Init                          0x08001f91   Thumb Code    90  stm32f1xx_hal_tim.o(i.HAL_TIM_IC_Init)
    HAL_TIM_IC_MspInit                       0x08001feb   Thumb Code     2  stm32f1xx_hal_tim.o(i.HAL_TIM_IC_MspInit)
    HAL_TIM_IC_Start_IT                      0x08001fed   Thumb Code   228  stm32f1xx_hal_tim.o(i.HAL_TIM_IC_Start_IT)
    HAL_TIM_IRQHandler                       0x080020e5   Thumb Code   304  stm32f1xx_hal_tim.o(i.HAL_TIM_IRQHandler)
    HAL_TIM_OC_DelayElapsedCallback          0x08002215   Thumb Code     2  stm32f1xx_hal_tim.o(i.HAL_TIM_OC_DelayElapsedCallback)
    HAL_TIM_PWM_PulseFinishedCallback        0x08002217   Thumb Code     2  stm32f1xx_hal_tim.o(i.HAL_TIM_PWM_PulseFinishedCallback)
    HAL_TIM_PeriodElapsedCallback            0x08002219   Thumb Code     2  stm32f1xx_hal_tim.o(i.HAL_TIM_PeriodElapsedCallback)
    HAL_TIM_ReadCapturedValue                0x0800221b   Thumb Code    42  stm32f1xx_hal_tim.o(i.HAL_TIM_ReadCapturedValue)
    HAL_TIM_TriggerCallback                  0x08002245   Thumb Code     2  stm32f1xx_hal_tim.o(i.HAL_TIM_TriggerCallback)
    HAL_UARTEx_ReceiveToIdle_DMA             0x08002247   Thumb Code    74  stm32f1xx_hal_uart.o(i.HAL_UARTEx_ReceiveToIdle_DMA)
    HAL_UARTEx_RxEventCallback               0x08002291   Thumb Code    64  main.o(i.HAL_UARTEx_RxEventCallback)
    HAL_UART_ErrorCallback                   0x080022dd   Thumb Code     2  stm32f1xx_hal_uart.o(i.HAL_UART_ErrorCallback)
    HAL_UART_IRQHandler                      0x080022e1   Thumb Code   616  stm32f1xx_hal_uart.o(i.HAL_UART_IRQHandler)
    HAL_UART_Init                            0x0800254d   Thumb Code   100  stm32f1xx_hal_uart.o(i.HAL_UART_Init)
    HAL_UART_MspInit                         0x080025b1   Thumb Code   354  usart.o(i.HAL_UART_MspInit)
    HAL_UART_RxCpltCallback                  0x0800273d   Thumb Code     2  stm32f1xx_hal_uart.o(i.HAL_UART_RxCpltCallback)
    HAL_UART_RxHalfCpltCallback              0x0800273f   Thumb Code     2  stm32f1xx_hal_uart.o(i.HAL_UART_RxHalfCpltCallback)
    HAL_UART_Transmit                        0x08002741   Thumb Code   160  stm32f1xx_hal_uart.o(i.HAL_UART_Transmit)
    HAL_UART_TxCpltCallback                  0x080027e1   Thumb Code     2  stm32f1xx_hal_uart.o(i.HAL_UART_TxCpltCallback)
    HardFault_Handler                        0x080027e3   Thumb Code     2  stm32f1xx_it.o(i.HardFault_Handler)
    IICreadBytes                             0x0800294d   Thumb Code    24  mpu6050.o(i.IICreadBytes)
    IICwriteBit                              0x08002969   Thumb Code    76  mpu6050.o(i.IICwriteBit)
    IICwriteBits                             0x080029b9   Thumb Code   112  mpu6050.o(i.IICwriteBits)
    MPU6050_getDeviceID                      0x08002a2d   Thumb Code    20  mpu6050.o(i.MPU6050_getDeviceID)
    MPU6050_initialize                       0x08002a45   Thumb Code    54  mpu6050.o(i.MPU6050_initialize)
    MPU6050_setClockSource                   0x08002a7b   Thumb Code    18  mpu6050.o(i.MPU6050_setClockSource)
    MPU6050_setFullScaleAccelRange           0x08002a8d   Thumb Code    18  mpu6050.o(i.MPU6050_setFullScaleAccelRange)
    MPU6050_setFullScaleGyroRange            0x08002a9f   Thumb Code    18  mpu6050.o(i.MPU6050_setFullScaleGyroRange)
    MPU6050_setI2CBypassEnabled              0x08002ab1   Thumb Code    12  mpu6050.o(i.MPU6050_setI2CBypassEnabled)
    MPU6050_setI2CMasterModeEnabled          0x08002abd   Thumb Code    12  mpu6050.o(i.MPU6050_setI2CMasterModeEnabled)
    MPU6050_setSleepEnabled                  0x08002ac9   Thumb Code    12  mpu6050.o(i.MPU6050_setSleepEnabled)
    MX_DMA_Init                              0x08002ad5   Thumb Code    40  dma.o(i.MX_DMA_Init)
    MX_GPIO_Init                             0x08002b01   Thumb Code   194  gpio.o(i.MX_GPIO_Init)
    MX_TIM2_Init                             0x08002bd5   Thumb Code   142  tim.o(i.MX_TIM2_Init)
    MX_TIM7_Init                             0x08002c69   Thumb Code    60  tim.o(i.MX_TIM7_Init)
    MX_UART5_Init                            0x08002cad   Thumb Code    48  usart.o(i.MX_UART5_Init)
    MX_USART1_UART_Init                      0x08002ce5   Thumb Code    48  usart.o(i.MX_USART1_UART_Init)
    MX_USART3_UART_Init                      0x08002d1d   Thumb Code    48  usart.o(i.MX_USART3_UART_Init)
    MemManage_Handler                        0x08002d55   Thumb Code     2  stm32f1xx_it.o(i.MemManage_Handler)
    NMI_Handler                              0x08002d57   Thumb Code     2  stm32f1xx_it.o(i.NMI_Handler)
    OLED_Clear                               0x08002d59   Thumb Code    40  bsp_oled.o(i.OLED_Clear)
    OLED_DrawPoint                           0x08002d85   Thumb Code    54  bsp_oled.o(i.OLED_DrawPoint)
    OLED_Init                                0x08002dc1   Thumb Code   238  bsp_oled.o(i.OLED_Init)
    OLED_Refresh_Gram                        0x08002eb5   Thumb Code    70  bsp_oled.o(i.OLED_Refresh_Gram)
    OLED_ShowChar                            0x08002f01   Thumb Code   134  bsp_oled.o(i.OLED_ShowChar)
    OLED_ShowFloat                           0x08002f91   Thumb Code   286  bsp_oled.o(i.OLED_ShowFloat)
    OLED_ShowNumber                          0x080030bd   Thumb Code   120  bsp_oled.o(i.OLED_ShowNumber)
    OLED_ShowString                          0x08003135   Thumb Code    62  bsp_oled.o(i.OLED_ShowString)
    OLED_WR_Byte                             0x08003175   Thumb Code    98  bsp_oled.o(i.OLED_WR_Byte)
    PendSV_Handler                           0x080031e1   Thumb Code     2  stm32f1xx_it.o(i.PendSV_Handler)
    Read_DMP                                 0x080031f5   Thumb Code   426  mpu6050.o(i.Read_DMP)
    SVC_Handler                              0x080033ed   Thumb Code     2  stm32f1xx_it.o(i.SVC_Handler)
    SysTick_Handler                          0x080033ef   Thumb Code     4  stm32f1xx_it.o(i.SysTick_Handler)
    SystemClock_Config                       0x080033f3   Thumb Code    94  main.o(i.SystemClock_Config)
    SystemInit                               0x08003451   Thumb Code     2  system_stm32f1xx.o(i.SystemInit)
    TIM2_IRQHandler                          0x08003455   Thumb Code     6  stm32f1xx_it.o(i.TIM2_IRQHandler)
    TIM7_IRQHandler                          0x08003461   Thumb Code     6  stm32f1xx_it.o(i.TIM7_IRQHandler)
    TIM_Base_SetConfig                       0x0800346d   Thumb Code   134  stm32f1xx_hal_tim.o(i.TIM_Base_SetConfig)
    TIM_CCxChannelCmd                        0x08003509   Thumb Code    26  stm32f1xx_hal_tim.o(i.TIM_CCxChannelCmd)
    TIM_ETR_SetConfig                        0x08003523   Thumb Code    20  stm32f1xx_hal_tim.o(i.TIM_ETR_SetConfig)
    TIM_TI1_SetConfig                        0x08003569   Thumb Code    88  stm32f1xx_hal_tim.o(i.TIM_TI1_SetConfig)
    UART5_IRQHandler                         0x08003631   Thumb Code     6  stm32f1xx_it.o(i.UART5_IRQHandler)
    UART_Start_Receive_DMA                   0x08003921   Thumb Code   130  stm32f1xx_hal_uart.o(i.UART_Start_Receive_DMA)
    USART3_IRQHandler                        0x08003a25   Thumb Code     6  stm32f1xx_it.o(i.USART3_IRQHandler)
    UsageFault_Handler                       0x08003a31   Thumb Code     2  stm32f1xx_it.o(i.UsageFault_Handler)
    __0printf$1                              0x08003a35   Thumb Code    22  printf1.o(i.__0printf$1)
    __1printf$1                              0x08003a35   Thumb Code     0  printf1.o(i.__0printf$1)
    __2printf                                0x08003a35   Thumb Code     0  printf1.o(i.__0printf$1)
    __ARM_fpclassify                         0x08003a55   Thumb Code    40  fpclassify.o(i.__ARM_fpclassify)
    __kernel_poly                            0x08003ac1   Thumb Code   170  poly.o(i.__kernel_poly)
    __mathlib_dbl_infnan                     0x08003b6b   Thumb Code     6  dunder.o(i.__mathlib_dbl_infnan)
    __mathlib_dbl_infnan2                    0x08003b71   Thumb Code     4  dunder.o(i.__mathlib_dbl_infnan2)
    __mathlib_dbl_invalid                    0x08003b75   Thumb Code    12  dunder.o(i.__mathlib_dbl_invalid)
    __mathlib_dbl_underflow                  0x08003b81   Thumb Code    10  dunder.o(i.__mathlib_dbl_underflow)
    __scatterload_copy                       0x08003b91   Thumb Code    14  handlers.o(i.__scatterload_copy)
    __scatterload_null                       0x08003b9f   Thumb Code     2  handlers.o(i.__scatterload_null)
    __scatterload_zeroinit                   0x08003ba1   Thumb Code    14  handlers.o(i.__scatterload_zeroinit)
    __set_errno                              0x08003bb1   Thumb Code     6  errno.o(i.__set_errno)
    asin                                     0x08003d91   Thumb Code   572  asin.o(i.asin)
    atan                                     0x08004001   Thumb Code   474  atan.o(i.atan)
    atan2                                    0x08004221   Thumb Code   374  atan2.o(i.atan2)
    calculateBCC                             0x080043bd   Thumb Code    24  k210.o(i.calculateBCC)
    delay_ms                                 0x080043d5   Thumb Code    62  bsp_dwt.o(i.delay_ms)
    delay_us                                 0x08004419   Thumb Code   114  bsp_dwt.o(i.delay_us)
    dmp_enable_6x_lp_quat                    0x08004495   Thumb Code    58  inv_mpu_dmp_motion_driver.o(i.dmp_enable_6x_lp_quat)
    dmp_enable_feature                       0x080044d1   Thumb Code   464  inv_mpu_dmp_motion_driver.o(i.dmp_enable_feature)
    dmp_enable_gyro_cal                      0x080046a9   Thumb Code    34  inv_mpu_dmp_motion_driver.o(i.dmp_enable_gyro_cal)
    dmp_enable_lp_quat                       0x080046e5   Thumb Code    58  inv_mpu_dmp_motion_driver.o(i.dmp_enable_lp_quat)
    dmp_load_motion_driver_firmware          0x08004721   Thumb Code    16  inv_mpu_dmp_motion_driver.o(i.dmp_load_motion_driver_firmware)
    dmp_read_fifo                            0x08004735   Thumb Code   352  inv_mpu_dmp_motion_driver.o(i.dmp_read_fifo)
    dmp_set_accel_bias                       0x08004899   Thumb Code   210  inv_mpu_dmp_motion_driver.o(i.dmp_set_accel_bias)
    dmp_set_fifo_rate                        0x08004971   Thumb Code    82  inv_mpu_dmp_motion_driver.o(i.dmp_set_fifo_rate)
    dmp_set_gyro_bias                        0x080049d5   Thumb Code   196  inv_mpu_dmp_motion_driver.o(i.dmp_set_gyro_bias)
    dmp_set_orientation                      0x08004aa1   Thumb Code   246  inv_mpu_dmp_motion_driver.o(i.dmp_set_orientation)
    dmp_set_shake_reject_thresh              0x08004bad   Thumb Code    48  inv_mpu_dmp_motion_driver.o(i.dmp_set_shake_reject_thresh)
    dmp_set_shake_reject_time                0x08004bdd   Thumb Code    32  inv_mpu_dmp_motion_driver.o(i.dmp_set_shake_reject_time)
    dmp_set_shake_reject_timeout             0x08004bfd   Thumb Code    32  inv_mpu_dmp_motion_driver.o(i.dmp_set_shake_reject_timeout)
    dmp_set_tap_axes                         0x08004c1d   Thumb Code    64  inv_mpu_dmp_motion_driver.o(i.dmp_set_tap_axes)
    dmp_set_tap_count                        0x08004c5d   Thumb Code    34  inv_mpu_dmp_motion_driver.o(i.dmp_set_tap_count)
    dmp_set_tap_thresh                       0x08004c81   Thumb Code   274  inv_mpu_dmp_motion_driver.o(i.dmp_set_tap_thresh)
    dmp_set_tap_time                         0x08004da9   Thumb Code    32  inv_mpu_dmp_motion_driver.o(i.dmp_set_tap_time)
    dmp_set_tap_time_multi                   0x08004dc9   Thumb Code    32  inv_mpu_dmp_motion_driver.o(i.dmp_set_tap_time_multi)
    fputc                                    0x08004de9   Thumb Code    24  main.o(i.fputc)
    i2cRead                                  0x08005299   Thumb Code    24  mpu6050.o(i.i2cRead)
    k210_data_callback                       0x08005301   Thumb Code   100  k210.o(i.k210_data_callback)
    main                                     0x0800536d   Thumb Code   282  main.o(i.main)
    mpu_configure_fifo                       0x080054e1   Thumb Code    78  inv_mpu.o(i.mpu_configure_fifo)
    mpu_get_accel_fsr                        0x08005535   Thumb Code    54  inv_mpu.o(i.mpu_get_accel_fsr)
    mpu_get_accel_sens                       0x08005571   Thumb Code    62  inv_mpu.o(i.mpu_get_accel_sens)
    mpu_get_gyro_fsr                         0x080055b5   Thumb Code    48  inv_mpu.o(i.mpu_get_gyro_fsr)
    mpu_get_gyro_sens                        0x080055e9   Thumb Code    44  inv_mpu.o(i.mpu_get_gyro_sens)
    mpu_get_lpf                              0x08005629   Thumb Code    52  inv_mpu.o(i.mpu_get_lpf)
    mpu_get_sample_rate                      0x08005661   Thumb Code    22  inv_mpu.o(i.mpu_get_sample_rate)
    mpu_init                                 0x0800567d   Thumb Code   312  inv_mpu.o(i.mpu_init)
    mpu_load_firmware                        0x08005805   Thumb Code   178  inv_mpu.o(i.mpu_load_firmware)
    mpu_lp_accel_mode                        0x080058bd   Thumb Code   178  inv_mpu.o(i.mpu_lp_accel_mode)
    mpu_read_fifo_stream                     0x08005975   Thumb Code   140  inv_mpu.o(i.mpu_read_fifo_stream)
    mpu_read_mem                             0x08005a05   Thumb Code   102  inv_mpu.o(i.mpu_read_mem)
    mpu_reset_fifo                           0x08005a71   Thumb Code   330  inv_mpu.o(i.mpu_reset_fifo)
    mpu_run_self_test                        0x08005bc1   Thumb Code   234  inv_mpu.o(i.mpu_run_self_test)
    mpu_set_accel_fsr                        0x08005cb1   Thumb Code    98  inv_mpu.o(i.mpu_set_accel_fsr)
    mpu_set_bypass                           0x08005d19   Thumb Code   214  inv_mpu.o(i.mpu_set_bypass)
    mpu_set_dmp_state                        0x08005df5   Thumb Code   114  inv_mpu.o(i.mpu_set_dmp_state)
    mpu_set_gyro_fsr                         0x08005e6d   Thumb Code   104  inv_mpu.o(i.mpu_set_gyro_fsr)
    mpu_set_int_latched                      0x08005ed9   Thumb Code    94  inv_mpu.o(i.mpu_set_int_latched)
    mpu_set_lpf                              0x08005f3d   Thumb Code   102  inv_mpu.o(i.mpu_set_lpf)
    mpu_set_sample_rate                      0x08005fa9   Thumb Code   124  inv_mpu.o(i.mpu_set_sample_rate)
    mpu_set_sensors                          0x08006029   Thumb Code   178  inv_mpu.o(i.mpu_set_sensors)
    mpu_write_mem                            0x080060e1   Thumb Code    80  inv_mpu.o(i.mpu_write_mem)
    mydelay_ms                               0x08006135   Thumb Code     8  inv_mpu.o(i.mydelay_ms)
    myget_ms                                 0x08006141   Thumb Code     2  inv_mpu.o(i.myget_ms)
    myi2cRead                                0x08006145   Thumb Code    24  inv_mpu.o(i.myi2cRead)
    myi2cWrite                               0x08006161   Thumb Code    24  inv_mpu.o(i.myi2cWrite)
    oled_pow                                 0x0800617d   Thumb Code    16  bsp_oled.o(i.oled_pow)
    set_int_enable                           0x08006455   Thumb Code    84  inv_mpu.o(i.set_int_enable)
    sqrt                                     0x080064af   Thumb Code    76  sqrt.o(i.sqrt)
    AHBPrescTable                            0x0800650c   Data          16  system_stm32f1xx.o(.constdata)
    APBPrescTable                            0x0800651c   Data           8  system_stm32f1xx.o(.constdata)
    oled_asc2_1206                           0x08006524   Data        1140  bsp_oled.o(.constdata)
    oled_asc2_1608                           0x08006998   Data        1520  bsp_oled.o(.constdata)
    hw                                       0x08006f88   Data          12  inv_mpu.o(.constdata)
    reg                                      0x08006f94   Data          27  inv_mpu.o(.constdata)
    test                                     0x08006fb0   Data          40  inv_mpu.o(.constdata)
    __mathlib_zero                           0x08007cb8   Data           8  qnan.o(.constdata)
    Region$$Table$$Base                      0x08007d10   Number         0  anon$$obj.o(Region$$Table)
    Region$$Table$$Limit                     0x08007d30   Number         0  anon$$obj.o(Region$$Table)
    k210_active_cnt                          0x20000000   Data           1  main.o(.data)
    k210_active_flag                         0x20000001   Data           1  main.o(.data)
    ranger_dis                               0x20000008   Data           4  main.o(.data)
    temperature                              0x2000000c   Data           4  main.o(.data)
    DebugSerial                              0x20000010   Data           4  main.o(.data)
    upvalue                                  0x20000014   Data           4  main.o(.data)
    downvalue                                0x20000018   Data           4  main.o(.data)
    uwTickFreq                               0x20000020   Data           1  stm32f1xx_hal.o(.data)
    uwTickPrio                               0x20000024   Data           4  stm32f1xx_hal.o(.data)
    uwTick                                   0x20000028   Data           4  stm32f1xx_hal.o(.data)
    SystemCoreClock                          0x2000002c   Data           4  system_stm32f1xx.o(.data)
    User_sIICDev                             0x20000034   Data          24  bsp_siic.o(.data)
    sensors                                  0x2000004c   Data           2  mpu6050.o(.data)
    q0                                       0x20000050   Data           4  mpu6050.o(.data)
    q1                                       0x20000054   Data           4  mpu6050.o(.data)
    q2                                       0x20000058   Data           4  mpu6050.o(.data)
    q3                                       0x2000005c   Data           4  mpu6050.o(.data)
    Roll                                     0x20000064   Data           4  mpu6050.o(.data)
    Pitch                                    0x20000068   Data           4  mpu6050.o(.data)
    Yaw                                      0x2000006c   Data           4  mpu6050.o(.data)
    gyro                                     0x20000070   Data           6  mpu6050.o(.data)
    accel                                    0x20000076   Data           6  mpu6050.o(.data)
    __stdout                                 0x200000bc   Data           4  stdout.o(.data)
    c10b_send                                0x200000c4   Data          12  main.o(.bss)
    k210_buffer                              0x200000d0   Data          30  main.o(.bss)
    htim2                                    0x200000f0   Data          72  tim.o(.bss)
    htim7                                    0x20000138   Data          72  tim.o(.bss)
    huart5                                   0x20000180   Data          72  usart.o(.bss)
    huart1                                   0x200001c8   Data          72  usart.o(.bss)
    huart3                                   0x20000210   Data          72  usart.o(.bss)
    hdma_usart3_rx                           0x20000258   Data          68  usart.o(.bss)
    OLED_GRAM                                0x200002a8   Data        1024  bsp_oled.o(.bss)
    buffer                                   0x200006a8   Data          14  mpu6050.o(.bss)
    MPU6050_FIFO                             0x200006b6   Data         132  mpu6050.o(.bss)
    k210                                     0x20000759   Data          13  k210.o(.bss)
    __initial_sp                             0x20000b68   Data           0  startup_stm32f103xe.o(STACK)



==============================================================================

Memory Map of the image

  Image Entry point : 0x08000131

  Load Region LR_IROM1 (Base: 0x08000000, Size: 0x00007df4, Max: 0x00040000, ABSOLUTE)

    Execution Region ER_IROM1 (Exec base: 0x08000000, Load base: 0x08000000, Size: 0x00007d30, Max: 0x00040000, ABSOLUTE)

    Exec Addr    Load Addr    Size         Type   Attr      Idx    E Section Name        Object

    0x08000000   0x08000000   0x00000130   Data   RO            3    RESET               startup_stm32f103xe.o
    0x08000130   0x08000130   0x00000000   Code   RO         3821  * .ARM.Collect$$$$00000000  mc_w.l(entry.o)
    0x08000130   0x08000130   0x00000004   Code   RO         4154    .ARM.Collect$$$$00000001  mc_w.l(entry2.o)
    0x08000134   0x08000134   0x00000004   Code   RO         4157    .ARM.Collect$$$$00000004  mc_w.l(entry5.o)
    0x08000138   0x08000138   0x00000000   Code   RO         4159    .ARM.Collect$$$$00000008  mc_w.l(entry7b.o)
    0x08000138   0x08000138   0x00000000   Code   RO         4161    .ARM.Collect$$$$0000000A  mc_w.l(entry8b.o)
    0x08000138   0x08000138   0x00000008   Code   RO         4162    .ARM.Collect$$$$0000000B  mc_w.l(entry9a.o)
    0x08000140   0x08000140   0x00000004   Code   RO         4169    .ARM.Collect$$$$0000000E  mc_w.l(entry12b.o)
    0x08000144   0x08000144   0x00000000   Code   RO         4164    .ARM.Collect$$$$0000000F  mc_w.l(entry10a.o)
    0x08000144   0x08000144   0x00000000   Code   RO         4166    .ARM.Collect$$$$00000011  mc_w.l(entry11a.o)
    0x08000144   0x08000144   0x00000004   Code   RO         4155    .ARM.Collect$$$$00002712  mc_w.l(entry2.o)
    0x08000148   0x08000148   0x00000024   Code   RO            4    .text               startup_stm32f103xe.o
    0x0800016c   0x0800016c   0x00000062   Code   RO         3824    .text               mc_w.l(ldiv.o)
    0x080001ce   0x080001ce   0x00000020   Code   RO         3826    .text               mc_w.l(llushr.o)
    0x080001ee   0x080001ee   0x00000024   Code   RO         3828    .text               mc_w.l(memseta.o)
    0x08000212   0x08000212   0x0000001a   Code   RO         3830    .text               mc_w.l(memcmp.o)
    0x0800022c   0x0800022c   0x000000b0   Code   RO         4093    .text               mf_w.l(fadd.o)
    0x080002dc   0x080002dc   0x00000064   Code   RO         4095    .text               mf_w.l(fmul.o)
    0x08000340   0x08000340   0x0000007c   Code   RO         4097    .text               mf_w.l(fdiv.o)
    0x080003bc   0x080003bc   0x00000018   Code   RO         4099    .text               mf_w.l(fscalb.o)
    0x080003d4   0x080003d4   0x0000014e   Code   RO         4101    .text               mf_w.l(dadd.o)
    0x08000522   0x08000522   0x000000e4   Code   RO         4103    .text               mf_w.l(dmul.o)
    0x08000606   0x08000606   0x00000012   Code   RO         4105    .text               mf_w.l(fflti.o)
    0x08000618   0x08000618   0x0000000a   Code   RO         4107    .text               mf_w.l(ffltui.o)
    0x08000622   0x08000622   0x00000032   Code   RO         4109    .text               mf_w.l(ffixi.o)
    0x08000654   0x08000654   0x00000028   Code   RO         4111    .text               mf_w.l(ffixui.o)
    0x0800067c   0x0800067c   0x00000026   Code   RO         4113    .text               mf_w.l(f2d.o)
    0x080006a2   0x080006a2   0x00000038   Code   RO         4115    .text               mf_w.l(d2f.o)
    0x080006da   0x080006da   0x0000002c   Code   RO         4171    .text               mc_w.l(uidiv.o)
    0x08000706   0x08000706   0x00000062   Code   RO         4173    .text               mc_w.l(uldiv.o)
    0x08000768   0x08000768   0x0000001e   Code   RO         4175    .text               mc_w.l(llshl.o)
    0x08000786   0x08000786   0x00000024   Code   RO         4177    .text               mc_w.l(llsshr.o)
    0x080007aa   0x080007aa   0x00000000   Code   RO         4186    .text               mc_w.l(iusefp.o)
    0x080007aa   0x080007aa   0x0000006e   Code   RO         4187    .text               mf_w.l(fepilogue.o)
    0x08000818   0x08000818   0x000000ba   Code   RO         4189    .text               mf_w.l(depilogue.o)
    0x080008d2   0x080008d2   0x000000de   Code   RO         4191    .text               mf_w.l(ddiv.o)
    0x080009b0   0x080009b0   0x0000002e   Code   RO         4193    .text               mf_w.l(dscalb.o)
    0x080009de   0x080009de   0x00000002   PAD
    0x080009e0   0x080009e0   0x00000030   Code   RO         4197    .text               mf_w.l(cdcmple.o)
    0x08000a10   0x08000a10   0x00000024   Code   RO         4201    .text               mc_w.l(init.o)
    0x08000a34   0x08000a34   0x000000a2   Code   RO         4203    .text               mf_w.l(dsqrt.o)
    0x08000ad6   0x08000ad6   0x00000002   Code   RO          363    i.BusFault_Handler  stm32f1xx_it.o
    0x08000ad8   0x08000ad8   0x0000000c   Code   RO          364    i.DMA1_Channel3_IRQHandler  stm32f1xx_it.o
    0x08000ae4   0x08000ae4   0x0000002a   Code   RO         1888    i.DMA_SetConfig     stm32f1xx_hal_dma.o
    0x08000b0e   0x08000b0e   0x00000002   PAD
    0x08000b10   0x08000b10   0x00000208   Code   RO         3104    i.DMP_Init          mpu6050.o
    0x08000d18   0x08000d18   0x0000000c   Code   RO         2883    i.DWT_GetTick       bsp_dwt.o
    0x08000d24   0x08000d24   0x00000028   Code   RO         2884    i.DWT_Init          bsp_dwt.o
    0x08000d4c   0x08000d4c   0x00000002   Code   RO          365    i.DebugMon_Handler  stm32f1xx_it.o
    0x08000d4e   0x08000d4e   0x00000008   Code   RO          366    i.EXTI9_5_IRQHandler  stm32f1xx_it.o
    0x08000d56   0x08000d56   0x00000004   Code   RO           13    i.Error_Handler     main.o
    0x08000d5a   0x08000d5a   0x00000046   Code   RO         1889    i.HAL_DMA_Abort     stm32f1xx_hal_dma.o
    0x08000da0   0x08000da0   0x00000130   Code   RO         1890    i.HAL_DMA_Abort_IT  stm32f1xx_hal_dma.o
    0x08000ed0   0x08000ed0   0x00000248   Code   RO         1894    i.HAL_DMA_IRQHandler  stm32f1xx_hal_dma.o
    0x08001118   0x08001118   0x0000007c   Code   RO         1895    i.HAL_DMA_Init      stm32f1xx_hal_dma.o
    0x08001194   0x08001194   0x00000070   Code   RO         1899    i.HAL_DMA_Start_IT  stm32f1xx_hal_dma.o
    0x08001204   0x08001204   0x00000024   Code   RO         1515    i.HAL_Delay         stm32f1xx_hal.o
    0x08001228   0x08001228   0x00000108   Code   RO           14    i.HAL_GPIO_EXTI_Callback  main.o
    0x08001330   0x08001330   0x00000018   Code   RO         1824    i.HAL_GPIO_EXTI_IRQHandler  stm32f1xx_hal_gpio.o
    0x08001348   0x08001348   0x000001f8   Code   RO         1825    i.HAL_GPIO_Init     stm32f1xx_hal_gpio.o
    0x08001540   0x08001540   0x0000000a   Code   RO         1827    i.HAL_GPIO_ReadPin  stm32f1xx_hal_gpio.o
    0x0800154a   0x0800154a   0x0000000a   Code   RO         1829    i.HAL_GPIO_WritePin  stm32f1xx_hal_gpio.o
    0x08001554   0x08001554   0x0000000c   Code   RO         1519    i.HAL_GetTick       stm32f1xx_hal.o
    0x08001560   0x08001560   0x00000010   Code   RO         1525    i.HAL_IncTick       stm32f1xx_hal.o
    0x08001570   0x08001570   0x00000024   Code   RO         1526    i.HAL_Init          stm32f1xx_hal.o
    0x08001594   0x08001594   0x00000040   Code   RO         1527    i.HAL_InitTick      stm32f1xx_hal.o
    0x080015d4   0x080015d4   0x0000003c   Code   RO          475    i.HAL_MspInit       stm32f1xx_hal_msp.o
    0x08001610   0x08001610   0x0000001a   Code   RO         1985    i.HAL_NVIC_EnableIRQ  stm32f1xx_hal_cortex.o
    0x0800162a   0x0800162a   0x00000002   PAD
    0x0800162c   0x0800162c   0x00000040   Code   RO         1991    i.HAL_NVIC_SetPriority  stm32f1xx_hal_cortex.o
    0x0800166c   0x0800166c   0x00000024   Code   RO         1992    i.HAL_NVIC_SetPriorityGrouping  stm32f1xx_hal_cortex.o
    0x08001690   0x08001690   0x0000012c   Code   RO         1683    i.HAL_RCC_ClockConfig  stm32f1xx_hal_rcc.o
    0x080017bc   0x080017bc   0x00000020   Code   RO         1690    i.HAL_RCC_GetPCLK1Freq  stm32f1xx_hal_rcc.o
    0x080017dc   0x080017dc   0x00000020   Code   RO         1691    i.HAL_RCC_GetPCLK2Freq  stm32f1xx_hal_rcc.o
    0x080017fc   0x080017fc   0x0000004c   Code   RO         1692    i.HAL_RCC_GetSysClockFreq  stm32f1xx_hal_rcc.o
    0x08001848   0x08001848   0x00000320   Code   RO         1695    i.HAL_RCC_OscConfig  stm32f1xx_hal_rcc.o
    0x08001b68   0x08001b68   0x00000028   Code   RO         1996    i.HAL_SYSTICK_Config  stm32f1xx_hal_cortex.o
    0x08001b90   0x08001b90   0x00000002   Code   RO         1241    i.HAL_TIMEx_BreakCallback  stm32f1xx_hal_tim_ex.o
    0x08001b92   0x08001b92   0x00000002   Code   RO         1242    i.HAL_TIMEx_CommutCallback  stm32f1xx_hal_tim_ex.o
    0x08001b94   0x08001b94   0x0000007c   Code   RO         1260    i.HAL_TIMEx_MasterConfigSynchronization  stm32f1xx_hal_tim_ex.o
    0x08001c10   0x08001c10   0x0000005a   Code   RO          537    i.HAL_TIM_Base_Init  stm32f1xx_hal_tim.o
    0x08001c6a   0x08001c6a   0x00000002   PAD
    0x08001c6c   0x08001c6c   0x0000008c   Code   RO          262    i.HAL_TIM_Base_MspInit  tim.o
    0x08001cf8   0x08001cf8   0x000000dc   Code   RO          546    i.HAL_TIM_ConfigClockSource  stm32f1xx_hal_tim.o
    0x08001dd4   0x08001dd4   0x00000098   Code   RO           15    i.HAL_TIM_IC_CaptureCallback  main.o
    0x08001e6c   0x08001e6c   0x00000124   Code   RO          573    i.HAL_TIM_IC_ConfigChannel  stm32f1xx_hal_tim.o
    0x08001f90   0x08001f90   0x0000005a   Code   RO          576    i.HAL_TIM_IC_Init   stm32f1xx_hal_tim.o
    0x08001fea   0x08001fea   0x00000002   Code   RO          578    i.HAL_TIM_IC_MspInit  stm32f1xx_hal_tim.o
    0x08001fec   0x08001fec   0x000000f8   Code   RO          581    i.HAL_TIM_IC_Start_IT  stm32f1xx_hal_tim.o
    0x080020e4   0x080020e4   0x00000130   Code   RO          585    i.HAL_TIM_IRQHandler  stm32f1xx_hal_tim.o
    0x08002214   0x08002214   0x00000002   Code   RO          588    i.HAL_TIM_OC_DelayElapsedCallback  stm32f1xx_hal_tim.o
    0x08002216   0x08002216   0x00000002   Code   RO          615    i.HAL_TIM_PWM_PulseFinishedCallback  stm32f1xx_hal_tim.o
    0x08002218   0x08002218   0x00000002   Code   RO          623    i.HAL_TIM_PeriodElapsedCallback  stm32f1xx_hal_tim.o
    0x0800221a   0x0800221a   0x0000002a   Code   RO          625    i.HAL_TIM_ReadCapturedValue  stm32f1xx_hal_tim.o
    0x08002244   0x08002244   0x00000002   Code   RO          628    i.HAL_TIM_TriggerCallback  stm32f1xx_hal_tim.o
    0x08002246   0x08002246   0x0000004a   Code   RO         2495    i.HAL_UARTEx_ReceiveToIdle_DMA  stm32f1xx_hal_uart.o
    0x08002290   0x08002290   0x0000004c   Code   RO           16    i.HAL_UARTEx_RxEventCallback  main.o
    0x080022dc   0x080022dc   0x00000002   Code   RO         2511    i.HAL_UART_ErrorCallback  stm32f1xx_hal_uart.o
    0x080022de   0x080022de   0x00000002   PAD
    0x080022e0   0x080022e0   0x0000026c   Code   RO         2514    i.HAL_UART_IRQHandler  stm32f1xx_hal_uart.o
    0x0800254c   0x0800254c   0x00000064   Code   RO         2515    i.HAL_UART_Init     stm32f1xx_hal_uart.o
    0x080025b0   0x080025b0   0x0000018c   Code   RO          310    i.HAL_UART_MspInit  usart.o
    0x0800273c   0x0800273c   0x00000002   Code   RO         2521    i.HAL_UART_RxCpltCallback  stm32f1xx_hal_uart.o
    0x0800273e   0x0800273e   0x00000002   Code   RO         2522    i.HAL_UART_RxHalfCpltCallback  stm32f1xx_hal_uart.o
    0x08002740   0x08002740   0x000000a0   Code   RO         2523    i.HAL_UART_Transmit  stm32f1xx_hal_uart.o
    0x080027e0   0x080027e0   0x00000002   Code   RO         2526    i.HAL_UART_TxCpltCallback  stm32f1xx_hal_uart.o
    0x080027e2   0x080027e2   0x00000002   Code   RO          367    i.HardFault_Handler  stm32f1xx_it.o
    0x080027e4   0x080027e4   0x00000052   Code   RO         3010    i.IIC_Master_Receive  bsp_siic.o
    0x08002836   0x08002836   0x0000004a   Code   RO         3011    i.IIC_Master_Transmit  bsp_siic.o
    0x08002880   0x08002880   0x00000072   Code   RO         3012    i.IIC_Mem_Read      bsp_siic.o
    0x080028f2   0x080028f2   0x00000058   Code   RO         3013    i.IIC_Mem_Write     bsp_siic.o
    0x0800294a   0x0800294a   0x00000002   PAD
    0x0800294c   0x0800294c   0x0000001c   Code   RO         3106    i.IICreadBytes      mpu6050.o
    0x08002968   0x08002968   0x00000050   Code   RO         3107    i.IICwriteBit       mpu6050.o
    0x080029b8   0x080029b8   0x00000074   Code   RO         3108    i.IICwriteBits      mpu6050.o
    0x08002a2c   0x08002a2c   0x00000018   Code   RO         3109    i.MPU6050_getDeviceID  mpu6050.o
    0x08002a44   0x08002a44   0x00000036   Code   RO         3110    i.MPU6050_initialize  mpu6050.o
    0x08002a7a   0x08002a7a   0x00000012   Code   RO         3112    i.MPU6050_setClockSource  mpu6050.o
    0x08002a8c   0x08002a8c   0x00000012   Code   RO         3113    i.MPU6050_setFullScaleAccelRange  mpu6050.o
    0x08002a9e   0x08002a9e   0x00000012   Code   RO         3114    i.MPU6050_setFullScaleGyroRange  mpu6050.o
    0x08002ab0   0x08002ab0   0x0000000c   Code   RO         3115    i.MPU6050_setI2CBypassEnabled  mpu6050.o
    0x08002abc   0x08002abc   0x0000000c   Code   RO         3116    i.MPU6050_setI2CMasterModeEnabled  mpu6050.o
    0x08002ac8   0x08002ac8   0x0000000c   Code   RO         3117    i.MPU6050_setSleepEnabled  mpu6050.o
    0x08002ad4   0x08002ad4   0x0000002c   Code   RO          237    i.MX_DMA_Init       dma.o
    0x08002b00   0x08002b00   0x000000d4   Code   RO          213    i.MX_GPIO_Init      gpio.o
    0x08002bd4   0x08002bd4   0x00000094   Code   RO          263    i.MX_TIM2_Init      tim.o
    0x08002c68   0x08002c68   0x00000044   Code   RO          264    i.MX_TIM7_Init      tim.o
    0x08002cac   0x08002cac   0x00000038   Code   RO          311    i.MX_UART5_Init     usart.o
    0x08002ce4   0x08002ce4   0x00000038   Code   RO          312    i.MX_USART1_UART_Init  usart.o
    0x08002d1c   0x08002d1c   0x00000038   Code   RO          313    i.MX_USART3_UART_Init  usart.o
    0x08002d54   0x08002d54   0x00000002   Code   RO          368    i.MemManage_Handler  stm32f1xx_it.o
    0x08002d56   0x08002d56   0x00000002   Code   RO          369    i.NMI_Handler       stm32f1xx_it.o
    0x08002d58   0x08002d58   0x0000002c   Code   RO         2919    i.OLED_Clear        bsp_oled.o
    0x08002d84   0x08002d84   0x0000003c   Code   RO         2920    i.OLED_DrawPoint    bsp_oled.o
    0x08002dc0   0x08002dc0   0x000000f4   Code   RO         2921    i.OLED_Init         bsp_oled.o
    0x08002eb4   0x08002eb4   0x0000004c   Code   RO         2922    i.OLED_Refresh_Gram  bsp_oled.o
    0x08002f00   0x08002f00   0x00000090   Code   RO         2923    i.OLED_ShowChar     bsp_oled.o
    0x08002f90   0x08002f90   0x0000012c   Code   RO         2924    i.OLED_ShowFloat    bsp_oled.o
    0x080030bc   0x080030bc   0x00000078   Code   RO         2925    i.OLED_ShowNumber   bsp_oled.o
    0x08003134   0x08003134   0x0000003e   Code   RO         2927    i.OLED_ShowString   bsp_oled.o
    0x08003172   0x08003172   0x00000002   PAD
    0x08003174   0x08003174   0x0000006c   Code   RO         2928    i.OLED_WR_Byte      bsp_oled.o
    0x080031e0   0x080031e0   0x00000002   Code   RO          370    i.PendSV_Handler    stm32f1xx_it.o
    0x080031e2   0x080031e2   0x00000002   PAD
    0x080031e4   0x080031e4   0x00000010   Code   RO         3014    i.READ_SDA          bsp_siic.o
    0x080031f4   0x080031f4   0x000001b4   Code   RO         3119    i.Read_DMP          mpu6050.o
    0x080033a8   0x080033a8   0x00000020   Code   RO         3015    i.SDA_IN            bsp_siic.o
    0x080033c8   0x080033c8   0x00000024   Code   RO         3016    i.SDA_OUT           bsp_siic.o
    0x080033ec   0x080033ec   0x00000002   Code   RO          371    i.SVC_Handler       stm32f1xx_it.o
    0x080033ee   0x080033ee   0x00000004   Code   RO          372    i.SysTick_Handler   stm32f1xx_it.o
    0x080033f2   0x080033f2   0x0000005e   Code   RO           17    i.SystemClock_Config  main.o
    0x08003450   0x08003450   0x00000002   Code   RO         2849    i.SystemInit        system_stm32f1xx.o
    0x08003452   0x08003452   0x00000002   PAD
    0x08003454   0x08003454   0x0000000c   Code   RO          373    i.TIM2_IRQHandler   stm32f1xx_it.o
    0x08003460   0x08003460   0x0000000c   Code   RO          374    i.TIM7_IRQHandler   stm32f1xx_it.o
    0x0800346c   0x0800346c   0x0000009c   Code   RO          630    i.TIM_Base_SetConfig  stm32f1xx_hal_tim.o
    0x08003508   0x08003508   0x0000001a   Code   RO          631    i.TIM_CCxChannelCmd  stm32f1xx_hal_tim.o
    0x08003522   0x08003522   0x00000014   Code   RO          641    i.TIM_ETR_SetConfig  stm32f1xx_hal_tim.o
    0x08003536   0x08003536   0x00000010   Code   RO          642    i.TIM_ITRx_SetConfig  stm32f1xx_hal_tim.o
    0x08003546   0x08003546   0x00000022   Code   RO          648    i.TIM_TI1_ConfigInputStage  stm32f1xx_hal_tim.o
    0x08003568   0x08003568   0x0000006c   Code   RO          649    i.TIM_TI1_SetConfig  stm32f1xx_hal_tim.o
    0x080035d4   0x080035d4   0x00000024   Code   RO          650    i.TIM_TI2_ConfigInputStage  stm32f1xx_hal_tim.o
    0x080035f8   0x080035f8   0x00000036   Code   RO          651    i.TIM_TI2_SetConfig  stm32f1xx_hal_tim.o
    0x0800362e   0x0800362e   0x00000002   PAD
    0x08003630   0x08003630   0x0000000c   Code   RO          375    i.UART5_IRQHandler  stm32f1xx_it.o
    0x0800363c   0x0800363c   0x00000010   Code   RO         2528    i.UART_DMAAbortOnError  stm32f1xx_hal_uart.o
    0x0800364c   0x0800364c   0x0000004a   Code   RO         2529    i.UART_DMAError     stm32f1xx_hal_uart.o
    0x08003696   0x08003696   0x00000086   Code   RO         2530    i.UART_DMAReceiveCplt  stm32f1xx_hal_uart.o
    0x0800371c   0x0800371c   0x0000001e   Code   RO         2532    i.UART_DMARxHalfCplt  stm32f1xx_hal_uart.o
    0x0800373a   0x0800373a   0x0000004e   Code   RO         2538    i.UART_EndRxTransfer  stm32f1xx_hal_uart.o
    0x08003788   0x08003788   0x0000001c   Code   RO         2539    i.UART_EndTxTransfer  stm32f1xx_hal_uart.o
    0x080037a4   0x080037a4   0x000000c2   Code   RO         2540    i.UART_Receive_IT   stm32f1xx_hal_uart.o
    0x08003866   0x08003866   0x00000002   PAD
    0x08003868   0x08003868   0x000000b8   Code   RO         2541    i.UART_SetConfig    stm32f1xx_hal_uart.o
    0x08003920   0x08003920   0x00000090   Code   RO         2542    i.UART_Start_Receive_DMA  stm32f1xx_hal_uart.o
    0x080039b0   0x080039b0   0x00000072   Code   RO         2544    i.UART_WaitOnFlagUntilTimeout  stm32f1xx_hal_uart.o
    0x08003a22   0x08003a22   0x00000002   PAD
    0x08003a24   0x08003a24   0x0000000c   Code   RO          376    i.USART3_IRQHandler  stm32f1xx_it.o
    0x08003a30   0x08003a30   0x00000002   Code   RO          377    i.UsageFault_Handler  stm32f1xx_it.o
    0x08003a32   0x08003a32   0x00000002   PAD
    0x08003a34   0x08003a34   0x00000020   Code   RO         3877    i.__0printf$1       mc_w.l(printf1.o)
    0x08003a54   0x08003a54   0x00000028   Code   RO         4141    i.__ARM_fpclassify  m_ws.l(fpclassify.o)
    0x08003a7c   0x08003a7c   0x00000020   Code   RO         1998    i.__NVIC_SetPriority  stm32f1xx_hal_cortex.o
    0x08003a9c   0x08003a9c   0x00000024   Code   RO         3121    i.__NVIC_SystemReset  mpu6050.o
    0x08003ac0   0x08003ac0   0x000000aa   Code   RO         4143    i.__kernel_poly     m_ws.l(poly.o)
    0x08003b6a   0x08003b6a   0x00000006   Code   RO         4128    i.__mathlib_dbl_infnan  m_ws.l(dunder.o)
    0x08003b70   0x08003b70   0x00000004   Code   RO         4129    i.__mathlib_dbl_infnan2  m_ws.l(dunder.o)
    0x08003b74   0x08003b74   0x0000000c   Code   RO         4130    i.__mathlib_dbl_invalid  m_ws.l(dunder.o)
    0x08003b80   0x08003b80   0x00000010   Code   RO         4133    i.__mathlib_dbl_underflow  m_ws.l(dunder.o)
    0x08003b90   0x08003b90   0x0000000e   Code   RO         4207    i.__scatterload_copy  mc_w.l(handlers.o)
    0x08003b9e   0x08003b9e   0x00000002   Code   RO         4208    i.__scatterload_null  mc_w.l(handlers.o)
    0x08003ba0   0x08003ba0   0x0000000e   Code   RO         4209    i.__scatterload_zeroinit  mc_w.l(handlers.o)
    0x08003bae   0x08003bae   0x00000002   PAD
    0x08003bb0   0x08003bb0   0x0000000c   Code   RO         4181    i.__set_errno       mc_w.l(errno.o)
    0x08003bbc   0x08003bbc   0x00000154   Code   RO         3884    i._printf_core      mc_w.l(printf1.o)
    0x08003d10   0x08003d10   0x00000080   Code   RO         3267    i.accel_self_test   inv_mpu.o
    0x08003d90   0x08003d90   0x00000270   Code   RO         3804    i.asin              m_ws.l(asin.o)
    0x08004000   0x08004000   0x00000220   Code   RO         4118    i.atan              m_ws.l(atan.o)
    0x08004220   0x08004220   0x0000019c   Code   RO         3814    i.atan2             m_ws.l(atan2.o)
    0x080043bc   0x080043bc   0x00000018   Code   RO         3769    i.calculateBCC      k210.o
    0x080043d4   0x080043d4   0x00000044   Code   RO         2885    i.delay_ms          bsp_dwt.o
    0x08004418   0x08004418   0x0000007c   Code   RO         2886    i.delay_us          bsp_dwt.o
    0x08004494   0x08004494   0x0000003a   Code   RO         3590    i.dmp_enable_6x_lp_quat  inv_mpu_dmp_motion_driver.o
    0x080044ce   0x080044ce   0x00000002   PAD
    0x080044d0   0x080044d0   0x000001d8   Code   RO         3591    i.dmp_enable_feature  inv_mpu_dmp_motion_driver.o
    0x080046a8   0x080046a8   0x0000003c   Code   RO         3592    i.dmp_enable_gyro_cal  inv_mpu_dmp_motion_driver.o
    0x080046e4   0x080046e4   0x0000003a   Code   RO         3593    i.dmp_enable_lp_quat  inv_mpu_dmp_motion_driver.o
    0x0800471e   0x0800471e   0x00000002   PAD
    0x08004720   0x08004720   0x00000014   Code   RO         3598    i.dmp_load_motion_driver_firmware  inv_mpu_dmp_motion_driver.o
    0x08004734   0x08004734   0x00000164   Code   RO         3599    i.dmp_read_fifo     inv_mpu_dmp_motion_driver.o
    0x08004898   0x08004898   0x000000d8   Code   RO         3602    i.dmp_set_accel_bias  inv_mpu_dmp_motion_driver.o
    0x08004970   0x08004970   0x00000064   Code   RO         3603    i.dmp_set_fifo_rate  inv_mpu_dmp_motion_driver.o
    0x080049d4   0x080049d4   0x000000cc   Code   RO         3604    i.dmp_set_gyro_bias  inv_mpu_dmp_motion_driver.o
    0x08004aa0   0x08004aa0   0x0000010c   Code   RO         3606    i.dmp_set_orientation  inv_mpu_dmp_motion_driver.o
    0x08004bac   0x08004bac   0x00000030   Code   RO         3609    i.dmp_set_shake_reject_thresh  inv_mpu_dmp_motion_driver.o
    0x08004bdc   0x08004bdc   0x00000020   Code   RO         3610    i.dmp_set_shake_reject_time  inv_mpu_dmp_motion_driver.o
    0x08004bfc   0x08004bfc   0x00000020   Code   RO         3611    i.dmp_set_shake_reject_timeout  inv_mpu_dmp_motion_driver.o
    0x08004c1c   0x08004c1c   0x00000040   Code   RO         3612    i.dmp_set_tap_axes  inv_mpu_dmp_motion_driver.o
    0x08004c5c   0x08004c5c   0x00000022   Code   RO         3613    i.dmp_set_tap_count  inv_mpu_dmp_motion_driver.o
    0x08004c7e   0x08004c7e   0x00000002   PAD
    0x08004c80   0x08004c80   0x00000128   Code   RO         3614    i.dmp_set_tap_thresh  inv_mpu_dmp_motion_driver.o
    0x08004da8   0x08004da8   0x00000020   Code   RO         3615    i.dmp_set_tap_time  inv_mpu_dmp_motion_driver.o
    0x08004dc8   0x08004dc8   0x00000020   Code   RO         3616    i.dmp_set_tap_time_multi  inv_mpu_dmp_motion_driver.o
    0x08004de8   0x08004de8   0x0000001c   Code   RO           18    i.fputc             main.o
    0x08004e04   0x08004e04   0x000000ac   Code   RO         3268    i.get_accel_prod_shift  inv_mpu.o
    0x08004eb0   0x08004eb0   0x00000314   Code   RO         3269    i.get_st_biases     inv_mpu.o
    0x080051c4   0x080051c4   0x000000d4   Code   RO         3270    i.gyro_self_test    inv_mpu.o
    0x08005298   0x08005298   0x0000001c   Code   RO         3122    i.i2cRead           mpu6050.o
    0x080052b4   0x080052b4   0x00000004   Code   RO         3017    i.iic_delayms       bsp_siic.o
    0x080052b8   0x080052b8   0x00000048   Code   RO         3123    i.inv_row_2_scale   mpu6050.o
    0x08005300   0x08005300   0x0000006c   Code   RO         3770    i.k210_data_callback  k210.o
    0x0800536c   0x0800536c   0x00000174   Code   RO           19    i.main              main.o
    0x080054e0   0x080054e0   0x00000054   Code   RO         3271    i.mpu_configure_fifo  inv_mpu.o
    0x08005534   0x08005534   0x0000003c   Code   RO         3272    i.mpu_get_accel_fsr  inv_mpu.o
    0x08005570   0x08005570   0x00000044   Code   RO         3274    i.mpu_get_accel_sens  inv_mpu.o
    0x080055b4   0x080055b4   0x00000034   Code   RO         3280    i.mpu_get_gyro_fsr  inv_mpu.o
    0x080055e8   0x080055e8   0x00000040   Code   RO         3282    i.mpu_get_gyro_sens  inv_mpu.o
    0x08005628   0x08005628   0x00000038   Code   RO         3284    i.mpu_get_lpf       inv_mpu.o
    0x08005660   0x08005660   0x0000001c   Code   RO         3286    i.mpu_get_sample_rate  inv_mpu.o
    0x0800567c   0x0800567c   0x00000188   Code   RO         3288    i.mpu_init          inv_mpu.o
    0x08005804   0x08005804   0x000000b8   Code   RO         3289    i.mpu_load_firmware  inv_mpu.o
    0x080058bc   0x080058bc   0x000000b8   Code   RO         3290    i.mpu_lp_accel_mode  inv_mpu.o
    0x08005974   0x08005974   0x00000090   Code   RO         3293    i.mpu_read_fifo_stream  inv_mpu.o
    0x08005a04   0x08005a04   0x0000006c   Code   RO         3294    i.mpu_read_mem      inv_mpu.o
    0x08005a70   0x08005a70   0x00000150   Code   RO         3297    i.mpu_reset_fifo    inv_mpu.o
    0x08005bc0   0x08005bc0   0x000000f0   Code   RO         3298    i.mpu_run_self_test  inv_mpu.o
    0x08005cb0   0x08005cb0   0x00000068   Code   RO         3300    i.mpu_set_accel_fsr  inv_mpu.o
    0x08005d18   0x08005d18   0x000000dc   Code   RO         3301    i.mpu_set_bypass    inv_mpu.o
    0x08005df4   0x08005df4   0x00000078   Code   RO         3303    i.mpu_set_dmp_state  inv_mpu.o
    0x08005e6c   0x08005e6c   0x0000006c   Code   RO         3304    i.mpu_set_gyro_fsr  inv_mpu.o
    0x08005ed8   0x08005ed8   0x00000064   Code   RO         3305    i.mpu_set_int_latched  inv_mpu.o
    0x08005f3c   0x08005f3c   0x0000006c   Code   RO         3307    i.mpu_set_lpf       inv_mpu.o
    0x08005fa8   0x08005fa8   0x00000080   Code   RO         3308    i.mpu_set_sample_rate  inv_mpu.o
    0x08006028   0x08006028   0x000000b8   Code   RO         3309    i.mpu_set_sensors   inv_mpu.o
    0x080060e0   0x080060e0   0x00000054   Code   RO         3310    i.mpu_write_mem     inv_mpu.o
    0x08006134   0x08006134   0x0000000c   Code   RO         3311    i.mydelay_ms        inv_mpu.o
    0x08006140   0x08006140   0x00000002   Code   RO         3312    i.myget_ms          inv_mpu.o
    0x08006142   0x08006142   0x00000002   PAD
    0x08006144   0x08006144   0x0000001c   Code   RO         3313    i.myi2cRead         inv_mpu.o
    0x08006160   0x08006160   0x0000001c   Code   RO         3314    i.myi2cWrite        inv_mpu.o
    0x0800617c   0x0800617c   0x00000010   Code   RO         2929    i.oled_pow          bsp_oled.o
    0x0800618c   0x0800618c   0x0000007a   Code   RO         3124    i.run_self_test     mpu6050.o
    0x08006206   0x08006206   0x00000002   PAD
    0x08006208   0x08006208   0x000000d4   Code   RO         3018    i.sIIC_ReadByte     bsp_siic.o
    0x080062dc   0x080062dc   0x00000068   Code   RO         3019    i.sIIC_SendByte     bsp_siic.o
    0x08006344   0x08006344   0x0000005c   Code   RO         3020    i.sIIC_Start        bsp_siic.o
    0x080063a0   0x080063a0   0x0000004c   Code   RO         3021    i.sIIC_Stop         bsp_siic.o
    0x080063ec   0x080063ec   0x00000068   Code   RO         3022    i.sIIC_WaitAck      bsp_siic.o
    0x08006454   0x08006454   0x00000058   Code   RO         3315    i.set_int_enable    inv_mpu.o
    0x080064ac   0x080064ac   0x00000002   Code   RO         3023    i.siic_init         bsp_siic.o
    0x080064ae   0x080064ae   0x0000004c   Code   RO         4147    i.sqrt              m_ws.l(sqrt.o)
    0x080064fa   0x080064fa   0x00000012   Data   RO         1696    .constdata          stm32f1xx_hal_rcc.o
    0x0800650c   0x0800650c   0x00000010   Data   RO         2850    .constdata          system_stm32f1xx.o
    0x0800651c   0x0800651c   0x00000008   Data   RO         2851    .constdata          system_stm32f1xx.o
    0x08006524   0x08006524   0x00000a64   Data   RO         2931    .constdata          bsp_oled.o
    0x08006f88   0x08006f88   0x0000000c   Data   RO         3316    .constdata          inv_mpu.o
    0x08006f94   0x08006f94   0x0000001b   Data   RO         3317    .constdata          inv_mpu.o
    0x08006faf   0x08006faf   0x00000001   PAD
    0x08006fb0   0x08006fb0   0x00000028   Data   RO         3318    .constdata          inv_mpu.o
    0x08006fd8   0x08006fd8   0x00000bf6   Data   RO         3618    .constdata          inv_mpu_dmp_motion_driver.o
    0x08007bce   0x08007bce   0x00000002   PAD
    0x08007bd0   0x08007bd0   0x00000050   Data   RO         3805    .constdata          m_ws.l(asin.o)
    0x08007c20   0x08007c20   0x00000098   Data   RO         4119    .constdata          m_ws.l(atan.o)
    0x08007cb8   0x08007cb8   0x00000008   Data   RO         4145    .constdata          m_ws.l(qnan.o)
    0x08007cc0   0x08007cc0   0x0000004e   Data   RO         3319    .conststring        inv_mpu.o
    0x08007d0e   0x08007d0e   0x00000002   PAD
    0x08007d10   0x08007d10   0x00000020   Data   RO         4205    Region$$Table       anon$$obj.o


    Execution Region RW_IRAM1 (Exec base: 0x20000000, Load base: 0x08007d30, Size: 0x00000b68, Max: 0x0000c000, ABSOLUTE)

    Exec Addr    Load Addr    Size         Type   Attr      Idx    E Section Name        Object

    0x20000000   0x08007d30   0x00000020   Data   RW           21    .data               main.o
    0x20000020   0x08007d50   0x0000000c   Data   RW         1533    .data               stm32f1xx_hal.o
    0x2000002c   0x08007d5c   0x00000004   Data   RW         2852    .data               system_stm32f1xx.o
    0x20000030   0x08007d60   0x00000004   Data   RW         2932    .data               bsp_oled.o
    0x20000034   0x08007d64   0x00000018   Data   RW         3024    .data               bsp_siic.o
    0x2000004c   0x08007d7c   0x00000039   Data   RW         3128    .data               mpu6050.o
    0x20000085   0x08007db5   0x00000003   PAD
    0x20000088   0x08007db8   0x00000030   Data   RW         3320    .data               inv_mpu.o
    0x200000b8   0x08007de8   0x00000002   Data   RW         3772    .data               k210.o
    0x200000ba   0x08007dea   0x00000002   PAD
    0x200000bc   0x08007dec   0x00000004   Data   RW         4170    .data               mc_w.l(stdout.o)
    0x200000c0   0x08007df0   0x00000004   Data   RW         4182    .data               mc_w.l(errno.o)
    0x200000c4        -       0x0000002a   Zero   RW           20    .bss                main.o
    0x200000ee   0x08007df4   0x00000002   PAD
    0x200000f0        -       0x00000090   Zero   RW          265    .bss                tim.o
    0x20000180        -       0x0000011c   Zero   RW          314    .bss                usart.o
    0x2000029c        -       0x0000040c   Zero   RW         2930    .bss                bsp_oled.o
    0x200006a8        -       0x00000092   Zero   RW         3127    .bss                mpu6050.o
    0x2000073a   0x08007df4   0x00000002   PAD
    0x2000073c        -       0x00000010   Zero   RW         3617    .bss                inv_mpu_dmp_motion_driver.o
    0x2000074c        -       0x0000001a   Zero   RW         3771    .bss                k210.o
    0x20000766   0x08007df4   0x00000002   PAD
    0x20000768        -       0x00000400   Zero   RW            1    STACK               startup_stm32f103xe.o


==============================================================================

Image component sizes


      Code (inc. data)   RO Data    RW Data    ZI Data      Debug   Object Name

       244         32          0          0          0       2065   bsp_dwt.o
      1174         56       2660          4       1036       9153   bsp_oled.o
      1036         48          0         24          0      10255   bsp_siic.o
        44          4          0          0          0        794   dma.o
       212         18          0          0          0       1027   gpio.o
      4614        292        157         48          0      29623   inv_mpu.o
      2382        118       3062          0         16      20406   inv_mpu_dmp_motion_driver.o
       132          8          0          2         26       2555   k210.o
       990        162          0         32         42     494688   main.o
      1606        366          0         57        146      48226   mpu6050.o
        36          8        304          0       1024        816   startup_stm32f103xe.o
       164         28          0         12          0       6657   stm32f1xx_hal.o
       198         14          0          0          0      29055   stm32f1xx_hal_cortex.o
      1236         52          0          0          0       5250   stm32f1xx_hal_dma.o
       548         48          0          0          0       4218   stm32f1xx_hal_gpio.o
        60          8          0          0          0        910   stm32f1xx_hal_msp.o
      1240         84         18          0          0       5232   stm32f1xx_hal_rcc.o
      1746         62          0          0          0      15828   stm32f1xx_hal_tim.o
       128         20          0          0          0       2481   stm32f1xx_hal_tim_ex.o
      1958         24          0          0          0      14597   stm32f1xx_hal_uart.o
        88         30          0          0          0       6773   stm32f1xx_it.o
         2          0         24          4          0       1175   system_stm32f1xx.o
       356         28          0          0        144       2511   tim.o
       564         66          0          0        284       3325   usart.o

    ----------------------------------------------------------------------
     20792       1576       6262        188       2724     717620   Object Totals
         0          0         32          0          0          0   (incl. Generated)
        34          0          5          5          6          0   (incl. Padding)

    ----------------------------------------------------------------------

      Code (inc. data)   RO Data    RW Data    ZI Data      Debug   Library Member Name

       624         52         80          0          0        168   asin.o
       544         70        152          0          0        124   atan.o
       412         38          0          0          0        144   atan2.o
        38          6          0          0          0        272   dunder.o
        40          0          0          0          0         68   fpclassify.o
       170          0          0          0          0         96   poly.o
         0          0          8          0          0          0   qnan.o
        76          0          0          0          0         84   sqrt.o
         0          0          0          0          0          0   entry.o
         0          0          0          0          0          0   entry10a.o
         0          0          0          0          0          0   entry11a.o
         4          0          0          0          0          0   entry12b.o
         8          4          0          0          0          0   entry2.o
         4          0          0          0          0          0   entry5.o
         0          0          0          0          0          0   entry7b.o
         0          0          0          0          0          0   entry8b.o
         8          4          0          0          0          0   entry9a.o
        12          6          0          4          0         68   errno.o
        30          0          0          0          0          0   handlers.o
        36          8          0          0          0         68   init.o
         0          0          0          0          0          0   iusefp.o
        98          0          0          0          0         84   ldiv.o
        30          0          0          0          0         68   llshl.o
        36          0          0          0          0         68   llsshr.o
        32          0          0          0          0         68   llushr.o
        26          0          0          0          0         80   memcmp.o
        36          0          0          0          0        108   memseta.o
       372         14          0          0          0        184   printf1.o
         0          0          0          4          0          0   stdout.o
        44          0          0          0          0         80   uidiv.o
        98          0          0          0          0         92   uldiv.o
        48          0          0          0          0         68   cdcmple.o
        56          0          0          0          0         88   d2f.o
       334          0          0          0          0        148   dadd.o
       222          0          0          0          0        100   ddiv.o
       186          0          0          0          0        176   depilogue.o
       228          0          0          0          0         96   dmul.o
        46          0          0          0          0         80   dscalb.o
       162          0          0          0          0        100   dsqrt.o
        38          0          0          0          0         68   f2d.o
       176          0          0          0          0        140   fadd.o
       124          0          0          0          0         88   fdiv.o
       110          0          0          0          0        168   fepilogue.o
        50          0          0          0          0         68   ffixi.o
        40          0          0          0          0         68   ffixui.o
        18          0          0          0          0         68   fflti.o
        10          0          0          0          0         68   ffltui.o
       100          0          0          0          0         76   fmul.o
        24          0          0          0          0         68   fscalb.o

    ----------------------------------------------------------------------
      4754        202        240          8          0       3660   Library Totals
         4          0          0          0          0          0   (incl. Padding)

    ----------------------------------------------------------------------

      Code (inc. data)   RO Data    RW Data    ZI Data      Debug   Library Name

      1904        166        240          0          0        956   m_ws.l
       874         36          0          8          0        968   mc_w.l
      1972          0          0          0          0       1736   mf_w.l

    ----------------------------------------------------------------------
      4754        202        240          8          0       3660   Library Totals

    ----------------------------------------------------------------------

==============================================================================


      Code (inc. data)   RO Data    RW Data    ZI Data      Debug   

     25546       1778       6502        196       2724     709524   Grand Totals
     25546       1778       6502        196       2724     709524   ELF Image Totals
     25546       1778       6502        196          0          0   ROM Totals

==============================================================================

    Total RO  Size (Code + RO Data)                32048 (  31.30kB)
    Total RW  Size (RW Data + ZI Data)              2920 (   2.85kB)
    Total ROM Size (Code + RO Data + RW Data)      32244 (  31.49kB)

==============================================================================

